Archive member included to satisfy reference by file (symbol)

/home/brittp/.pebble-sdk/SDKs/current/sdk-core/pebble/aplite/lib/libpebble.a(tmp7jpKUopebble.o)
                              src/main.c.49.o (app_event_loop)
/home/brittp/.pebble-sdk/SDKs/4.9.148/toolchain/arm-none-eabi/bin/../lib/gcc/arm-none-eabi/14.2.1/thumb/v7-m/nofp/libgcc.a(_arm_muldf3.o)
                              src/game_state.c.49.o (__aeabi_dmul)
/home/brittp/.pebble-sdk/SDKs/4.9.148/toolchain/arm-none-eabi/bin/../lib/gcc/arm-none-eabi/14.2.1/thumb/v7-m/nofp/libgcc.a(_arm_mulsf3.o)
                              src/main.c.49.o (__aeabi_fmul)
/home/brittp/.pebble-sdk/SDKs/4.9.148/toolchain/arm-none-eabi/bin/../lib/gcc/arm-none-eabi/14.2.1/thumb/v7-m/nofp/libgcc.a(_arm_addsubdf3.o)
                              src/game_state.c.49.o (__aeabi_dsub)
/home/brittp/.pebble-sdk/SDKs/4.9.148/toolchain/arm-none-eabi/bin/../lib/gcc/arm-none-eabi/14.2.1/thumb/v7-m/nofp/libgcc.a(_arm_muldivdf3.o)
                              src/game_state.c.49.o (__aeabi_ddiv)
/home/brittp/.pebble-sdk/SDKs/4.9.148/toolchain/arm-none-eabi/bin/../lib/gcc/arm-none-eabi/14.2.1/thumb/v7-m/nofp/libgcc.a(_arm_cmpdf2.o)
                              src/game_state.c.49.o (__aeabi_dcmplt)
/home/brittp/.pebble-sdk/SDKs/4.9.148/toolchain/arm-none-eabi/bin/../lib/gcc/arm-none-eabi/14.2.1/thumb/v7-m/nofp/libgcc.a(_arm_unorddf2.o)
                              src/math_utils.c.49.o (__aeabi_dcmpun)
/home/brittp/.pebble-sdk/SDKs/4.9.148/toolchain/arm-none-eabi/bin/../lib/gcc/arm-none-eabi/14.2.1/thumb/v7-m/nofp/libgcc.a(_arm_fixdfsi.o)
                              src/game_state.c.49.o (__aeabi_d2iz)
/home/brittp/.pebble-sdk/SDKs/4.9.148/toolchain/arm-none-eabi/bin/../lib/gcc/arm-none-eabi/14.2.1/thumb/v7-m/nofp/libgcc.a(_arm_addsubsf3.o)
                              src/main.c.49.o (__aeabi_i2f)
/home/brittp/.pebble-sdk/SDKs/4.9.148/toolchain/arm-none-eabi/bin/../lib/gcc/arm-none-eabi/14.2.1/thumb/v7-m/nofp/libgcc.a(_arm_muldivsf3.o)
                              src/main.c.49.o (__aeabi_fdiv)
/home/brittp/.pebble-sdk/SDKs/4.9.148/toolchain/arm-none-eabi/bin/../lib/gcc/arm-none-eabi/14.2.1/thumb/v7-m/nofp/libgcc.a(_arm_fixsfsi.o)
                              src/main.c.49.o (__aeabi_f2iz)
/home/brittp/.pebble-sdk/SDKs/4.9.148/toolchain/arm-none-eabi/bin/../lib/gcc/arm-none-eabi/14.2.1/../../../../arm-none-eabi/lib/thumb/v7-m/nofp/libc.a(libc_a-atexit.o)
                              /home/brittp/.pebble-sdk/SDKs/4.9.148/toolchain/arm-none-eabi/bin/../lib/gcc/arm-none-eabi/14.2.1/../../../../arm-none-eabi/lib/thumb/v7-m/nofp/crt0.o (atexit)
/home/brittp/.pebble-sdk/SDKs/4.9.148/toolchain/arm-none-eabi/bin/../lib/gcc/arm-none-eabi/14.2.1/../../../../arm-none-eabi/lib/thumb/v7-m/nofp/libc.a(libc_a-exit.o)
                              /home/brittp/.pebble-sdk/SDKs/4.9.148/toolchain/arm-none-eabi/bin/../lib/gcc/arm-none-eabi/14.2.1/../../../../arm-none-eabi/lib/thumb/v7-m/nofp/crt0.o (exit)
/home/brittp/.pebble-sdk/SDKs/4.9.148/toolchain/arm-none-eabi/bin/../lib/gcc/arm-none-eabi/14.2.1/../../../../arm-none-eabi/lib/thumb/v7-m/nofp/libc.a(libc_a-findfp.o)
                              /home/brittp/.pebble-sdk/SDKs/4.9.148/toolchain/arm-none-eabi/bin/../lib/gcc/arm-none-eabi/14.2.1/../../../../arm-none-eabi/lib/thumb/v7-m/nofp/libc.a(libc_a-exit.o) (__stdio_exit_handler)
/home/brittp/.pebble-sdk/SDKs/4.9.148/toolchain/arm-none-eabi/bin/../lib/gcc/arm-none-eabi/14.2.1/../../../../arm-none-eabi/lib/thumb/v7-m/nofp/libc.a(libc_a-fwalk.o)
                              /home/brittp/.pebble-sdk/SDKs/4.9.148/toolchain/arm-none-eabi/bin/../lib/gcc/arm-none-eabi/14.2.1/../../../../arm-none-eabi/lib/thumb/v7-m/nofp/libc.a(libc_a-findfp.o) (_fwalk_sglue)
/home/brittp/.pebble-sdk/SDKs/4.9.148/toolchain/arm-none-eabi/bin/../lib/gcc/arm-none-eabi/14.2.1/../../../../arm-none-eabi/lib/thumb/v7-m/nofp/libc.a(libc_a-stdio.o)
                              /home/brittp/.pebble-sdk/SDKs/4.9.148/toolchain/arm-none-eabi/bin/../lib/gcc/arm-none-eabi/14.2.1/../../../../arm-none-eabi/lib/thumb/v7-m/nofp/libc.a(libc_a-findfp.o) (__sread)
/home/brittp/.pebble-sdk/SDKs/4.9.148/toolchain/arm-none-eabi/bin/../lib/gcc/arm-none-eabi/14.2.1/../../../../arm-none-eabi/lib/thumb/v7-m/nofp/libc.a(libc_a-closer.o)
                              /home/brittp/.pebble-sdk/SDKs/4.9.148/toolchain/arm-none-eabi/bin/../lib/gcc/arm-none-eabi/14.2.1/../../../../arm-none-eabi/lib/thumb/v7-m/nofp/libc.a(libc_a-stdio.o) (_close_r)
/home/brittp/.pebble-sdk/SDKs/4.9.148/toolchain/arm-none-eabi/bin/../lib/gcc/arm-none-eabi/14.2.1/../../../../arm-none-eabi/lib/thumb/v7-m/nofp/libc.a(libc_a-reent.o)
                              /home/brittp/.pebble-sdk/SDKs/4.9.148/toolchain/arm-none-eabi/bin/../lib/gcc/arm-none-eabi/14.2.1/../../../../arm-none-eabi/lib/thumb/v7-m/nofp/libc.a(libc_a-closer.o) (errno)
[...]
Memory Configuration

Name             Origin             Length             Attributes
APP              0x00000000         0x00006000         xrw
*default*        0x00000000         0xffffffff

Linker script and memory map

LOAD /home/brittp/.pebble-sdk/SDKs/4.9.148/toolchain/arm-none-eabi/bin/../lib/gcc/arm-none-eabi/14.2.1/thumb/v7-m/nofp/crti.o
LOAD /home/brittp/.pebble-sdk/SDKs/4.9.148/toolchain/arm-none-eabi/bin/../lib/gcc/arm-none-eabi/14.2.1/thumb/v7-m/nofp/crtbegin.o
LOAD /home/brittp/.pebble-sdk/SDKs/4.9.148/toolchain/arm-none-eabi/bin/../lib/gcc/arm-none-eabi/14.2.1/../../../../arm-none-eabi/lib/thumb/v7-m/nofp/crt0.o
LOAD src/game_state.c.49.o
LOAD src/main.c.49.o
LOAD src/math_utils.c.49.o
LOAD src/shop_menu.c.49.o
LOAD aplite/appinfo.auto.c.49.o
LOAD aplite/src/resource_ids.auto.c.49.o
LOAD /home/brittp/.pebble-sdk/SDKs/current/sdk-core/pebble/aplite/lib/libpebble.a
START GROUP
LOAD /home/brittp/.pebble-sdk/SDKs/4.9.148/toolchain/arm-none-eabi/bin/../lib/gcc/arm-none-eabi/14.2.1/thumb/v7-m/nofp/libgcc.a
LOAD /home/brittp/.pebble-sdk/SDKs/4.9.148/toolchain/arm-none-eabi/bin/../lib/gcc/arm-none-eabi/14.2.1/../../../../arm-none-eabi/lib/thumb/v7-m/nofp/libc.a
END GROUP
LOAD /home/brittp/.pebble-sdk/SDKs/4.9.148/toolchain/arm-none-eabi/bin/../lib/gcc/arm-none-eabi/14.2.1/thumb/v7-m/nofp/crtend.o
LOAD /home/brittp/.pebble-sdk/SDKs/4.9.148/toolchain/arm-none-eabi/bin/../lib/gcc/arm-none-eabi/14.2.1/thumb/v7-m/nofp/crtn.o

.header         0x00000000       0x82
 *(.pbl_header)
 .pbl_header    0x00000000       0x82 aplite/appinfo.auto.c.49.o
                0x00000000                __pbl_app_info

.note.gnu.build-id
                0x00000082       0x26
                [!provide]                        PROVIDE (BUILD_ID = .)
 *(.note.gnu.build-id)
 *fill*         0x00000082        0x2 
 .note.gnu.build-id
                0x00000084       0x24 linker stubs

.text           0x000000a8     0x4480
 *(.text)
 .text          0x000000a8       0x14 /home/brittp/.pebble-sdk/SDKs/current/sdk-core/pebble/aplite/lib/libpebble.a(tmp7jpKUopebble.o)
 .text          0x000000bc      0x378 /home/brittp/.pebble-sdk/SDKs/4.9.148/toolchain/arm-none-eabi/bin/../lib/gcc/arm-none-eabi/14.2.1/thumb/v7-m/nofp/libgcc.a(_arm_addsubdf3.o)
                0x000000bc                __aeabi_drsub
                0x000000c4                __aeabi_dsub
                0x000000c4                __subdf3
                0x000000c8                __adddf3
                0x000000c8                __aeabi_dadd
                0x00000340                __aeabi_ui2d
                0x00000340                __floatunsidf
                0x00000360                __floatsidf
                0x00000360                __aeabi_i2d
                0x00000384                __extendsfdf2
                0x00000384                __aeabi_f2d
                0x000003c8                __aeabi_ul2d
                0x000003c8                __floatundidf
                0x000003d8                __floatdidf
                0x000003d8                __aeabi_l2d
 .text          0x00000434      0x424 /home/brittp/.pebble-sdk/SDKs/4.9.148/toolchain/arm-none-eabi/bin/../lib/gcc/arm-none-eabi/14.2.1/thumb/v7-m/nofp/libgcc.a(_arm_muldivdf3.o)
                0x00000434                __aeabi_dmul
                0x00000434                __muldf3
                0x00000688                __aeabi_ddiv
                0x00000688                __divdf3
 .text          0x00000858      0x110 /home/brittp/.pebble-sdk/SDKs/4.9.148/toolchain/arm-none-eabi/bin/../lib/gcc/arm-none-eabi/14.2.1/thumb/v7-m/nofp/libgcc.a(_arm_cmpdf2.o)
                0x00000858                __gtdf2
                0x00000858                __gedf2
                0x00000860                __ltdf2
                0x00000860                __ledf2
                0x00000868                __cmpdf2
                0x00000868                __eqdf2
                0x00000868                __nedf2
                0x000008e4                __aeabi_cdrcmple
                0x000008f4                __aeabi_cdcmple
                0x000008f4                __aeabi_cdcmpeq
                0x00000904                __aeabi_dcmpeq
                0x00000918                __aeabi_dcmplt
                0x0000092c                __aeabi_dcmple
                0x00000940                __aeabi_dcmpge
                0x00000954                __aeabi_dcmpgt
 .text          0x00000968       0x2c /home/brittp/.pebble-sdk/SDKs/4.9.148/toolchain/arm-none-eabi/bin/../lib/gcc/arm-none-eabi/14.2.1/thumb/v7-m/nofp/libgcc.a(_arm_unorddf2.o)
                0x00000968                __aeabi_dcmpun
                0x00000968                __unorddf2
 .text          0x00000994       0x50 /home/brittp/.pebble-sdk/SDKs/4.9.148/toolchain/arm-none-eabi/bin/../lib/gcc/arm-none-eabi/14.2.1/thumb/v7-m/nofp/libgcc.a(_arm_fixdfsi.o)
                0x00000994                __fixdfsi
                0x00000994                __aeabi_d2iz
 .text          0x000009e4      0x21c /home/brittp/.pebble-sdk/SDKs/4.9.148/toolchain/arm-none-eabi/bin/../lib/gcc/arm-none-eabi/14.2.1/thumb/v7-m/nofp/libgcc.a(_arm_addsubsf3.o)
                0x000009e4                __aeabi_frsub
                0x000009ec                __subsf3
                0x000009ec                __aeabi_fsub
                0x000009f0                __aeabi_fadd
                0x000009f0                __addsf3
                0x00000b50                __aeabi_ui2f
                0x00000b50                __floatunsisf
                0x00000b58                __aeabi_i2f
                0x00000b58                __floatsisf
                0x00000b74                __floatundisf
                0x00000b74                __aeabi_ul2f
                0x00000b84                __floatdisf
                0x00000b84                __aeabi_l2f
 .text          0x00000c00      0x2a0 /home/brittp/.pebble-sdk/SDKs/4.9.148/toolchain/arm-none-eabi/bin/../lib/gcc/arm-none-eabi/14.2.1/thumb/v7-m/nofp/libgcc.a(_arm_muldivsf3.o)
                0x00000c00                __mulsf3
                0x00000c00                __aeabi_fmul
                0x00000d68                __divsf3
                0x00000d68                __aeabi_fdiv
 .text          0x00000ea0       0x4c /home/brittp/.pebble-sdk/SDKs/4.9.148/toolchain/arm-none-eabi/bin/../lib/gcc/arm-none-eabi/14.2.1/thumb/v7-m/nofp/libgcc.a(_arm_fixsfsi.o)
                0x00000ea0                __fixsfsi
                0x00000ea0                __aeabi_f2iz
 *(.text.*)
 *fill*         0x00000eec        0x4 
 .text.game_state_update_cache
                0x00000ef0      0x108 src/game_state.c.49.o
                0x00000ef0                game_state_update_cache
 .text.game_state_init
                0x00000ff8       0x38 src/game_state.c.49.o
                0x00000ff8                game_state_init
 .text.game_state_calculate_gravity
                0x00001030        0xa src/game_state.c.49.o
                0x00001030                game_state_calculate_gravity
 .text.game_state_calculate_tap_strength
                0x0000103a        0xa src/game_state.c.49.o
                0x0000103a                game_state_calculate_tap_strength
 .text.game_state_save
                0x00001044       0x4c src/game_state.c.49.o
                0x00001044                game_state_save
 .text.game_state_load
                0x00001090       0x6c src/game_state.c.49.o
                0x00001090                game_state_load
 .text.game_state_apply_offline_gains
                0x000010fc       0x90 src/game_state.c.49.o
                0x000010fc                game_state_apply_offline_gains
 *fill*         0x0000118c        0x4 
 .text.game_state_buy_max
                0x00001190      0x118 src/game_state.c.49.o
                0x00001190                game_state_buy_max
 .text.game_state_prestige
                0x000012a8      0x100 src/game_state.c.49.o
                0x000012a8                game_state_prestige
 .text.game_state_get_era
                0x000013a8       0x32 src/game_state.c.49.o
                0x000013a8                game_state_get_era
 *fill*         0x000013da        0x2 
 .text.main_window_unload
                0x000013dc       0x38 src/main.c.49.o
 *fill*         0x00001414        0x4 
 .text.canvas_update_proc
                0x00001418      0x4a0 src/main.c.49.o
 .text.click_config_provider
                0x000018b8       0x4c src/main.c.49.o
 .text.select_up_handler
                0x00001904       0x18 src/main.c.49.o
 .text.update_display
                0x0000191c       0x9c src/main.c.49.o
 .text.main_window_load
                0x000019b8      0x11c src/main.c.49.o
 .text.collapse_timer_callback
                0x00001ad4       0x9c src/main.c.49.o
 .text.focus_handler
                0x00001b70       0x30 src/main.c.49.o
 .text.save_timer_handler
                0x00001ba0       0x34 src/main.c.49.o
 .text.tick_handler
                0x00001bd4       0x4c src/main.c.49.o
 .text.up_long_click_handler
                0x00001c20       0x74 src/main.c.49.o
 .text.open_shop_handler
                0x00001c94       0x24 src/main.c.49.o
 .text.select_down_handler
                0x00001cb8       0x7c src/main.c.49.o
 .text.tap_timer_callback
                0x00001d34       0xa0 src/main.c.49.o
 .text.main_trigger_big_bang
                0x00001dd4       0x30 src/main.c.49.o
                0x00001dd4                main_trigger_big_bang
 .text.startup.main
                0x00001e04       0xd8 src/main.c.49.o
                0x00001e04                main
 *fill*         0x00001edc        0x4 
 .text.format_mass
                0x00001ee0      0x270 src/math_utils.c.49.o
                0x00001ee0                format_mass
 .text.calculate_cost
                0x00002150       0x30 src/math_utils.c.49.o
                0x00002150                calculate_cost
 .text.calculate_milestone_multiplier
                0x00002180       0x1e src/math_utils.c.49.o
                0x00002180                calculate_milestone_multiplier
 *fill*         0x0000219e        0x2 
 .text.calculate_prestige_dust
                0x000021a0       0xf0 src/math_utils.c.49.o
                0x000021a0                calculate_prestige_dust
 .text.menu_get_num_rows_callback
                0x00002290        0x4 src/shop_menu.c.49.o
 .text.menu_get_cell_height_callback
                0x00002294        0x4 src/shop_menu.c.49.o
 .text.shop_window_unload
                0x00002298       0x24 src/shop_menu.c.49.o
 .text.shop_window_load
                0x000022bc      0x130 src/shop_menu.c.49.o
 .text.big_bang_timer_callback
                0x000023ec        0x4 src/shop_menu.c.49.o
 .text.menu_draw_row_callback
                0x000023f0      0x308 src/shop_menu.c.49.o
 .text.menu_select_long_callback
                0x000026f8       0x50 src/shop_menu.c.49.o
 .text.shop_menu_show
                0x00002748       0x60 src/shop_menu.c.49.o
                0x00002748                shop_menu_show
 .text.shop_menu_hide
                0x000027a8       0x14 src/shop_menu.c.49.o
                0x000027a8                shop_menu_hide
 *fill*         0x000027bc        0x4 
 .text.menu_select_callback
                0x000027c0       0xd0 src/shop_menu.c.49.o
 .text.shop_menu_deinit
                0x00002890       0x18 src/shop_menu.c.49.o
                0x00002890                shop_menu_deinit
 .text.app_event_loop
                0x000028a8        0xc /home/brittp/.pebble-sdk/SDKs/current/sdk-core/pebble/aplite/lib/libpebble.a(tmp7jpKUopebble.o)
                0x000028a8                app_event_loop
 .text.app_log  0x000028b4        0xc /home/brittp/.pebble-sdk/SDKs/current/sdk-core/pebble/aplite/lib/libpebble.a(tmp7jpKUopebble.o)
                0x000028b4                app_log
 .text.app_timer_cancel
                0x000028c0        0xc /home/brittp/.pebble-sdk/SDKs/current/sdk-core/pebble/aplite/lib/libpebble.a(tmp7jpKUopebble.o)
                0x000028c0                app_timer_cancel
 .text.app_timer_register
                0x000028cc        0xc /home/brittp/.pebble-sdk/SDKs/current/sdk-core/pebble/aplite/lib/libpebble.a(tmp7jpKUopebble.o)
                0x000028cc                app_timer_register
 .text.fonts_get_system_font
                0x000028d8        0xc /home/brittp/.pebble-sdk/SDKs/current/sdk-core/pebble/aplite/lib/libpebble.a(tmp7jpKUopebble.o)
                0x000028d8                fonts_get_system_font
 .text.graphics_draw_circle
                0x000028e4        0xc /home/brittp/.pebble-sdk/SDKs/current/sdk-core/pebble/aplite/lib/libpebble.a(tmp7jpKUopebble.o)
                0x000028e4                graphics_draw_circle
 .text.graphics_draw_line
                0x000028f0        0xc /home/brittp/.pebble-sdk/SDKs/current/sdk-core/pebble/aplite/lib/libpebble.a(tmp7jpKUopebble.o)
                0x000028f0                graphics_draw_line
 .text.graphics_fill_circle
                0x000028fc        0xc /home/brittp/.pebble-sdk/SDKs/current/sdk-core/pebble/aplite/lib/libpebble.a(tmp7jpKUopebble.o)
                0x000028fc                graphics_fill_circle
 .text.graphics_fill_rect
                0x00002908        0xc /home/brittp/.pebble-sdk/SDKs/current/sdk-core/pebble/aplite/lib/libpebble.a(tmp7jpKUopebble.o)
                0x00002908                graphics_fill_rect
 .text.layer_add_child
                0x00002914        0xc /home/brittp/.pebble-sdk/SDKs/current/sdk-core/pebble/aplite/lib/libpebble.a(tmp7jpKUopebble.o)
                0x00002914                layer_add_child
 .text.layer_create
                0x00002920        0xc /home/brittp/.pebble-sdk/SDKs/current/sdk-core/pebble/aplite/lib/libpebble.a(tmp7jpKUopebble.o)
                0x00002920                layer_create
 .text.layer_destroy
                0x0000292c        0xc /home/brittp/.pebble-sdk/SDKs/current/sdk-core/pebble/aplite/lib/libpebble.a(tmp7jpKUopebble.o)
                0x0000292c                layer_destroy
 .text.layer_get_bounds
                0x00002938        0xc /home/brittp/.pebble-sdk/SDKs/current/sdk-core/pebble/aplite/lib/libpebble.a(tmp7jpKUopebble.o)
                0x00002938                layer_get_bounds
 .text.layer_mark_dirty
                0x00002944        0xc /home/brittp/.pebble-sdk/SDKs/current/sdk-core/pebble/aplite/lib/libpebble.a(tmp7jpKUopebble.o)
                0x00002944                layer_mark_dirty
 .text.layer_set_update_proc
                0x00002950        0xc /home/brittp/.pebble-sdk/SDKs/current/sdk-core/pebble/aplite/lib/libpebble.a(tmp7jpKUopebble.o)
                0x00002950                layer_set_update_proc
 .text.memset   0x0000295c        0xc /home/brittp/.pebble-sdk/SDKs/current/sdk-core/pebble/aplite/lib/libpebble.a(tmp7jpKUopebble.o)
                0x0000295c                memset
 .text.menu_layer_destroy
                0x00002968        0xc /home/brittp/.pebble-sdk/SDKs/current/sdk-core/pebble/aplite/lib/libpebble.a(tmp7jpKUopebble.o)
                0x00002968                menu_layer_destroy
 .text.menu_layer_get_layer
                0x00002974        0xc /home/brittp/.pebble-sdk/SDKs/current/sdk-core/pebble/aplite/lib/libpebble.a(tmp7jpKUopebble.o)
                0x00002974                menu_layer_get_layer
 .text.menu_layer_reload_data
                0x00002980        0xc /home/brittp/.pebble-sdk/SDKs/current/sdk-core/pebble/aplite/lib/libpebble.a(tmp7jpKUopebble.o)
                0x00002980                menu_layer_reload_data
 .text.menu_layer_set_click_config_onto_window
                0x0000298c        0xc /home/brittp/.pebble-sdk/SDKs/current/sdk-core/pebble/aplite/lib/libpebble.a(tmp7jpKUopebble.o)
                0x0000298c                menu_layer_set_click_config_onto_window
 .text.menu_layer_set_selected_index
                0x00002998        0xc /home/brittp/.pebble-sdk/SDKs/current/sdk-core/pebble/aplite/lib/libpebble.a(tmp7jpKUopebble.o)
                0x00002998                menu_layer_set_selected_index
 .text.persist_exists
                0x000029a4        0xc /home/brittp/.pebble-sdk/SDKs/current/sdk-core/pebble/aplite/lib/libpebble.a(tmp7jpKUopebble.o)
                0x000029a4                persist_exists
 .text.rand     0x000029b0        0xc /home/brittp/.pebble-sdk/SDKs/current/sdk-core/pebble/aplite/lib/libpebble.a(tmp7jpKUopebble.o)
                0x000029b0                rand
 .text.snprintf
                0x000029bc        0xc /home/brittp/.pebble-sdk/SDKs/current/sdk-core/pebble/aplite/lib/libpebble.a(tmp7jpKUopebble.o)
                0x000029bc                snprintf
 .text.strcpy   0x000029c8        0xc /home/brittp/.pebble-sdk/SDKs/current/sdk-core/pebble/aplite/lib/libpebble.a(tmp7jpKUopebble.o)
                0x000029c8                strcpy
 .text.tick_timer_service_subscribe
                0x000029d4        0xc /home/brittp/.pebble-sdk/SDKs/current/sdk-core/pebble/aplite/lib/libpebble.a(tmp7jpKUopebble.o)
                0x000029d4                tick_timer_service_subscribe
 .text.tick_timer_service_unsubscribe
                0x000029e0        0xc /home/brittp/.pebble-sdk/SDKs/current/sdk-core/pebble/aplite/lib/libpebble.a(tmp7jpKUopebble.o)
                0x000029e0                tick_timer_service_unsubscribe
 .text.vibes_double_pulse
                0x000029ec        0xc /home/brittp/.pebble-sdk/SDKs/current/sdk-core/pebble/aplite/lib/libpebble.a(tmp7jpKUopebble.o)
                0x000029ec                vibes_double_pulse
 .text.vibes_long_pulse
                0x000029f8        0xc /home/brittp/.pebble-sdk/SDKs/current/sdk-core/pebble/aplite/lib/libpebble.a(tmp7jpKUopebble.o)
                0x000029f8                vibes_long_pulse
 .text.vibes_short_pulse
                0x00002a04        0xc /home/brittp/.pebble-sdk/SDKs/current/sdk-core/pebble/aplite/lib/libpebble.a(tmp7jpKUopebble.o)
                0x00002a04                vibes_short_pulse
 .text.window_create
                0x00002a10        0xc /home/brittp/.pebble-sdk/SDKs/current/sdk-core/pebble/aplite/lib/libpebble.a(tmp7jpKUopebble.o)
                0x00002a10                window_create
 .text.window_destroy
                0x00002a1c        0xc /home/brittp/.pebble-sdk/SDKs/current/sdk-core/pebble/aplite/lib/libpebble.a(tmp7jpKUopebble.o)
                0x00002a1c                window_destroy
 .text.window_get_root_layer
                0x00002a28        0xc /home/brittp/.pebble-sdk/SDKs/current/sdk-core/pebble/aplite/lib/libpebble.a(tmp7jpKUopebble.o)
                0x00002a28                window_get_root_layer
 .text.window_set_click_config_provider
                0x00002a34        0xc /home/brittp/.pebble-sdk/SDKs/current/sdk-core/pebble/aplite/lib/libpebble.a(tmp7jpKUopebble.o)
                0x00002a34                window_set_click_config_provider
 .text.window_set_window_handlers
                0x00002a40        0xc /home/brittp/.pebble-sdk/SDKs/current/sdk-core/pebble/aplite/lib/libpebble.a(tmp7jpKUopebble.o)
                0x00002a40                window_set_window_handlers
 .text.window_stack_pop
                0x00002a4c        0xc /home/brittp/.pebble-sdk/SDKs/current/sdk-core/pebble/aplite/lib/libpebble.a(tmp7jpKUopebble.o)
                0x00002a4c                window_stack_pop
 .text.window_stack_push
                0x00002a58        0xc /home/brittp/.pebble-sdk/SDKs/current/sdk-core/pebble/aplite/lib/libpebble.a(tmp7jpKUopebble.o)
                0x00002a58                window_stack_push
 .text.app_focus_service_subscribe
                0x00002a64        0xc /home/brittp/.pebble-sdk/SDKs/current/sdk-core/pebble/aplite/lib/libpebble.a(tmp7jpKUopebble.o)
                0x00002a64                app_focus_service_subscribe
 .text.app_focus_service_unsubscribe
                0x00002a70        0xc /home/brittp/.pebble-sdk/SDKs/current/sdk-core/pebble/aplite/lib/libpebble.a(tmp7jpKUopebble.o)
                0x00002a70                app_focus_service_unsubscribe
 .text.window_long_click_subscribe
                0x00002a7c        0xc /home/brittp/.pebble-sdk/SDKs/current/sdk-core/pebble/aplite/lib/libpebble.a(tmp7jpKUopebble.o)
                0x00002a7c                window_long_click_subscribe
 .text.window_raw_click_subscribe
                0x00002a88        0xc /home/brittp/.pebble-sdk/SDKs/current/sdk-core/pebble/aplite/lib/libpebble.a(tmp7jpKUopebble.o)
                0x00002a88                window_raw_click_subscribe
 .text.window_single_click_subscribe
                0x00002a94        0xc /home/brittp/.pebble-sdk/SDKs/current/sdk-core/pebble/aplite/lib/libpebble.a(tmp7jpKUopebble.o)
                0x00002a94                window_single_click_subscribe
 .text.graphics_draw_text
                0x00002aa0        0xc /home/brittp/.pebble-sdk/SDKs/current/sdk-core/pebble/aplite/lib/libpebble.a(tmp7jpKUopebble.o)
                0x00002aa0                graphics_draw_text
 .text.persist_read_data
                0x00002aac        0xc /home/brittp/.pebble-sdk/SDKs/current/sdk-core/pebble/aplite/lib/libpebble.a(tmp7jpKUopebble.o)
                0x00002aac                persist_read_data
 .text.persist_write_data
                0x00002ab8        0xc /home/brittp/.pebble-sdk/SDKs/current/sdk-core/pebble/aplite/lib/libpebble.a(tmp7jpKUopebble.o)
                0x00002ab8                persist_write_data
 .text.graphics_context_set_fill_color
                0x00002ac4        0xc /home/brittp/.pebble-sdk/SDKs/current/sdk-core/pebble/aplite/lib/libpebble.a(tmp7jpKUopebble.o)
                0x00002ac4                graphics_context_set_fill_color
 .text.graphics_context_set_stroke_color
                0x00002ad0        0xc /home/brittp/.pebble-sdk/SDKs/current/sdk-core/pebble/aplite/lib/libpebble.a(tmp7jpKUopebble.o)
                0x00002ad0                graphics_context_set_stroke_color
 .text.graphics_context_set_text_color
                0x00002adc        0xc /home/brittp/.pebble-sdk/SDKs/current/sdk-core/pebble/aplite/lib/libpebble.a(tmp7jpKUopebble.o)
                0x00002adc                graphics_context_set_text_color
 .text.window_set_background_color
                0x00002ae8        0xc /home/brittp/.pebble-sdk/SDKs/current/sdk-core/pebble/aplite/lib/libpebble.a(tmp7jpKUopebble.o)
                0x00002ae8                window_set_background_color
 .text.menu_layer_create
                0x00002af4        0xc /home/brittp/.pebble-sdk/SDKs/current/sdk-core/pebble/aplite/lib/libpebble.a(tmp7jpKUopebble.o)
                0x00002af4                menu_layer_create
 .text.graphics_context_set_stroke_width
                0x00002b00        0xc /home/brittp/.pebble-sdk/SDKs/current/sdk-core/pebble/aplite/lib/libpebble.a(tmp7jpKUopebble.o)
                0x00002b00                graphics_context_set_stroke_width
 .text.menu_cell_layer_is_highlighted
                0x00002b0c        0xc /home/brittp/.pebble-sdk/SDKs/current/sdk-core/pebble/aplite/lib/libpebble.a(tmp7jpKUopebble.o)
                0x00002b0c                menu_cell_layer_is_highlighted
 .text.text_layer_create
                0x00002b18        0xc /home/brittp/.pebble-sdk/SDKs/current/sdk-core/pebble/aplite/lib/libpebble.a(tmp7jpKUopebble.o)
                0x00002b18                text_layer_create
 .text.text_layer_destroy
                0x00002b24        0xc /home/brittp/.pebble-sdk/SDKs/current/sdk-core/pebble/aplite/lib/libpebble.a(tmp7jpKUopebble.o)
                0x00002b24                text_layer_destroy
 .text.text_layer_get_layer
                0x00002b30        0xc /home/brittp/.pebble-sdk/SDKs/current/sdk-core/pebble/aplite/lib/libpebble.a(tmp7jpKUopebble.o)
                0x00002b30                text_layer_get_layer
 .text.text_layer_set_background_color
                0x00002b3c        0xc /home/brittp/.pebble-sdk/SDKs/current/sdk-core/pebble/aplite/lib/libpebble.a(tmp7jpKUopebble.o)
                0x00002b3c                text_layer_set_background_color
 .text.text_layer_set_font
                0x00002b48        0xc /home/brittp/.pebble-sdk/SDKs/current/sdk-core/pebble/aplite/lib/libpebble.a(tmp7jpKUopebble.o)
                0x00002b48                text_layer_set_font
 .text.text_layer_set_text
                0x00002b54        0xc /home/brittp/.pebble-sdk/SDKs/current/sdk-core/pebble/aplite/lib/libpebble.a(tmp7jpKUopebble.o)
                0x00002b54                text_layer_set_text
 .text.text_layer_set_text_alignment
                0x00002b60        0xc /home/brittp/.pebble-sdk/SDKs/current/sdk-core/pebble/aplite/lib/libpebble.a(tmp7jpKUopebble.o)
                0x00002b60                text_layer_set_text_alignment
 .text.text_layer_set_text_color
                0x00002b6c        0xc /home/brittp/.pebble-sdk/SDKs/current/sdk-core/pebble/aplite/lib/libpebble.a(tmp7jpKUopebble.o)
                0x00002b6c                text_layer_set_text_color
 .text.time     0x00002b78        0xc /home/brittp/.pebble-sdk/SDKs/current/sdk-core/pebble/aplite/lib/libpebble.a(tmp7jpKUopebble.o)
                0x00002b78                time
 .text.menu_layer_set_callbacks
                0x00002b84        0xc /home/brittp/.pebble-sdk/SDKs/current/sdk-core/pebble/aplite/lib/libpebble.a(tmp7jpKUopebble.o)
                0x00002b84                menu_layer_set_callbacks
 .text.__errno  0x00002b90        0xc /home/brittp/.pebble-sdk/SDKs/4.9.148/toolchain/arm-none-eabi/bin/../lib/gcc/arm-none-eabi/14.2.1/../../../../arm-none-eabi/lib/thumb/v7-m/nofp/libc.a(libc_a-errno.o)
                0x00002b90                __errno
 .text.log      0x00002b9c       0x68 /home/brittp/.pebble-sdk/SDKs/4.9.148/toolchain/arm-none-eabi/bin/../lib/gcc/arm-none-eabi/14.2.1/../../../../arm-none-eabi/lib/thumb/v7-m/nofp/libm.a(libm_a-w_log.o)
                0x00002b9c                log
 .text.log10    0x00002c04       0x68 /home/brittp/.pebble-sdk/SDKs/4.9.148/toolchain/arm-none-eabi/bin/../lib/gcc/arm-none-eabi/14.2.1/../../../../arm-none-eabi/lib/thumb/v7-m/nofp/libm.a(libm_a-w_log10.o)
                0x00002c04                log10
 .text.pow      0x00002c6c       0xdc /home/brittp/.pebble-sdk/SDKs/4.9.148/toolchain/arm-none-eabi/bin/../lib/gcc/arm-none-eabi/14.2.1/../../../../arm-none-eabi/lib/thumb/v7-m/nofp/libm.a(libm_a-w_pow.o)
                0x00002c6c                pow
 .text.sqrt     0x00002d48       0x50 /home/brittp/.pebble-sdk/SDKs/4.9.148/toolchain/arm-none-eabi/bin/../lib/gcc/arm-none-eabi/14.2.1/../../../../arm-none-eabi/lib/thumb/v7-m/nofp/libm.a(libm_a-w_sqrt.o)
                0x00002d48                sqrt
 .text.finite   0x00002d98        0xc /home/brittp/.pebble-sdk/SDKs/4.9.148/toolchain/arm-none-eabi/bin/../lib/gcc/arm-none-eabi/14.2.1/../../../../arm-none-eabi/lib/thumb/v7-m/nofp/libm.a(libm_a-s_finite.o)
                0x00002d98                finite
 .text.nan      0x00002da4        0xc /home/brittp/.pebble-sdk/SDKs/4.9.148/toolchain/arm-none-eabi/bin/../lib/gcc/arm-none-eabi/14.2.1/../../../../arm-none-eabi/lib/thumb/v7-m/nofp/libm.a(libm_a-s_nan.o)
                0x00002da4                nan
 .text.__ieee754_sqrt
                0x00002db0      0x1dc /home/brittp/.pebble-sdk/SDKs/4.9.148/toolchain/arm-none-eabi/bin/../lib/gcc/arm-none-eabi/14.2.1/../../../../arm-none-eabi/lib/thumb/v7-m/nofp/libm.a(libm_a-e_sqrt.o)
                0x00002db0                __ieee754_sqrt
 *fill*         0x00002f8c        0x4 
 .text.__ieee754_log
                0x00002f90      0x3ac /home/brittp/.pebble-sdk/SDKs/4.9.148/toolchain/arm-none-eabi/bin/../lib/gcc/arm-none-eabi/14.2.1/../../../../arm-none-eabi/lib/thumb/v7-m/nofp/libm.a(libm_a-e_log.o)
                0x00002f90                __ieee754_log
 *fill*         0x0000333c        0x4 
 .text.__ieee754_log10
                0x00003340      0x104 /home/brittp/.pebble-sdk/SDKs/4.9.148/toolchain/arm-none-eabi/bin/../lib/gcc/arm-none-eabi/14.2.1/../../../../arm-none-eabi/lib/thumb/v7-m/nofp/libm.a(libm_a-e_log10.o)
                0x00003340                __ieee754_log10
 *fill*         0x00003444        0x4 
 .text.__ieee754_pow
                0x00003448      0xbc8 /home/brittp/.pebble-sdk/SDKs/4.9.148/toolchain/arm-none-eabi/bin/../lib/gcc/arm-none-eabi/14.2.1/../../../../arm-none-eabi/lib/thumb/v7-m/nofp/libm.a(libm_a-e_pow.o)
                0x00003448                __ieee754_pow
 .text.fabs     0x00004010        0x8 /home/brittp/.pebble-sdk/SDKs/4.9.148/toolchain/arm-none-eabi/bin/../lib/gcc/arm-none-eabi/14.2.1/../../../../arm-none-eabi/lib/thumb/v7-m/nofp/libm.a(libm_a-s_fabs.o)
                0x00004010                fabs
 .text.scalbn   0x00004018       0xfc /home/brittp/.pebble-sdk/SDKs/4.9.148/toolchain/arm-none-eabi/bin/../lib/gcc/arm-none-eabi/14.2.1/../../../../arm-none-eabi/lib/thumb/v7-m/nofp/libm.a(libm_a-s_scalbn.o)
                0x00004018                scalbn
 .text.with_errno
                0x00004114       0x18 /home/brittp/.pebble-sdk/SDKs/4.9.148/toolchain/arm-none-eabi/bin/../lib/gcc/arm-none-eabi/14.2.1/../../../../arm-none-eabi/lib/thumb/v7-m/nofp/libm.a(libm_a-math_err.o)
 .text.xflow    0x0000412c       0x30 /home/brittp/.pebble-sdk/SDKs/4.9.148/toolchain/arm-none-eabi/bin/../lib/gcc/arm-none-eabi/14.2.1/../../../../arm-none-eabi/lib/thumb/v7-m/nofp/libm.a(libm_a-math_err.o)
 .text.__math_uflow
                0x0000415c        0xc /home/brittp/.pebble-sdk/SDKs/4.9.148/toolchain/arm-none-eabi/bin/../lib/gcc/arm-none-eabi/14.2.1/../../../../arm-none-eabi/lib/thumb/v7-m/nofp/libm.a(libm_a-math_err.o)
                0x0000415c                __math_uflow
 .text.__math_oflow
                0x00004168        0xc /home/brittp/.pebble-sdk/SDKs/4.9.148/toolchain/arm-none-eabi/bin/../lib/gcc/arm-none-eabi/14.2.1/../../../../arm-none-eabi/lib/thumb/v7-m/nofp/libm.a(libm_a-math_err.o)
                0x00004168                __math_oflow
 *(.rodata)
 *(.rodata*)
 .rodata.game_state_save.str1.1
                0x00004174      0x39b src/game_state.c.49.o
                                 0x37 (size before relaxing)
 .rodata.game_state_load.str1.1
                0x0000450f       0x44 src/game_state.c.49.o
 .rodata.game_state_apply_offline_gains.str1.1
                0x0000450f       0x2f src/game_state.c.49.o
 .rodata.game_state_prestige.str1.1
                0x0000450f       0xa0 src/game_state.c.49.o
 .rodata.str1.1
                0x0000450f       0x41 src/game_state.c.49.o
 .rodata.canvas_update_proc.str1.1
                0x0000450f       0x3a src/main.c.49.o
 .rodata.update_display.str1.1
                0x0000450f        0xb src/main.c.49.o
 .rodata.main_window_load.str1.1
                0x0000450f       0x16 src/main.c.49.o
 .rodata.format_mass.str1.1
                0x0000450f       0x3e src/math_utils.c.49.o
 .rodata.calculate_prestige_dust.str1.1
                0x0000450f       0x8a src/math_utils.c.49.o
 .rodata.menu_draw_row_callback.str1.1
                0x0000450f      0x126 src/shop_menu.c.49.o
 *fill*         0x0000450f        0x1 
 .rodata.log.str1.4
                0x00004510        0x1 /home/brittp/.pebble-sdk/SDKs/4.9.148/toolchain/arm-none-eabi/bin/../lib/gcc/arm-none-eabi/14.2.1/../../../../arm-none-eabi/lib/thumb/v7-m/nofp/libm.a(libm_a-w_log.o)
 .rodata.log10.str1.4
                0x00004511        0x1 /home/brittp/.pebble-sdk/SDKs/4.9.148/toolchain/arm-none-eabi/bin/../lib/gcc/arm-none-eabi/14.2.1/../../../../arm-none-eabi/lib/thumb/v7-m/nofp/libm.a(libm_a-w_log10.o)
 *fill*         0x00004511        0x7 
 .rodata.tiny   0x00004518        0x8 /home/brittp/.pebble-sdk/SDKs/4.9.148/toolchain/arm-none-eabi/bin/../lib/gcc/arm-none-eabi/14.2.1/../../../../arm-none-eabi/lib/thumb/v7-m/nofp/libm.a(libm_a-e_sqrt.o)
 .rodata.one    0x00004520        0x8 /home/brittp/.pebble-sdk/SDKs/4.9.148/toolchain/arm-none-eabi/bin/../lib/gcc/arm-none-eabi/14.2.1/../../../../arm-none-eabi/lib/thumb/v7-m/nofp/libm.a(libm_a-e_sqrt.o)

.glue_7         0x00004528        0x0
 .glue_7        0x00004528        0x0 linker stubs

.glue_7t        0x00004528        0x0
 .glue_7t       0x00004528        0x0 linker stubs

.vfp11_veneer   0x00004528        0x0
 .vfp11_veneer  0x00004528        0x0 linker stubs

.v4_bx          0x00004528        0x0
 .v4_bx         0x00004528        0x0 linker stubs

.init           0x00004528        0x4
 .init          0x00004528        0x4 /home/brittp/.pebble-sdk/SDKs/4.9.148/toolchain/arm-none-eabi/bin/../lib/gcc/arm-none-eabi/14.2.1/thumb/v7-m/nofp/crti.o
                0x00004528                _init

.fini           0x0000452c        0x4
 .fini          0x0000452c        0x4 /home/brittp/.pebble-sdk/SDKs/4.9.148/toolchain/arm-none-eabi/bin/../lib/gcc/arm-none-eabi/14.2.1/thumb/v7-m/nofp/crti.o
                0x0000452c                _fini

.iplt           0x00004530        0x0
 .iplt          0x00004530        0x0 src/game_state.c.49.o

.rel.dyn        0x00004530        0x0
 .rel.iplt      0x00004530        0x0 src/game_state.c.49.o
 .rel.got       0x00004530        0x0 src/game_state.c.49.o

.data           0x00004530      0x220
 *(.data)
 .data          0x00004530        0x0 /home/brittp/.pebble-sdk/SDKs/4.9.148/toolchain/arm-none-eabi/bin/../lib/gcc/arm-none-eabi/14.2.1/thumb/v7-m/nofp/crti.o
 .data          0x00004530        0x0 /home/brittp/.pebble-sdk/SDKs/4.9.148/toolchain/arm-none-eabi/bin/../lib/gcc/arm-none-eabi/14.2.1/thumb/v7-m/nofp/crtbegin.o
 .data          0x00004530        0x0 /home/brittp/.pebble-sdk/SDKs/4.9.148/toolchain/arm-none-eabi/bin/../lib/gcc/arm-none-eabi/14.2.1/../../../../arm-none-eabi/lib/thumb/v7-m/nofp/crt0.o
 .data          0x00004530        0x0 src/game_state.c.49.o
 .data          0x00004530        0x0 src/main.c.49.o
 .data          0x00004530        0x0 src/math_utils.c.49.o
 .data          0x00004530        0x0 src/shop_menu.c.49.o
 .data          0x00004530        0x0 aplite/appinfo.auto.c.49.o
 .data          0x00004530        0x0 aplite/src/resource_ids.auto.c.49.o
 .data          0x00004530        0x0 /home/brittp/.pebble-sdk/SDKs/current/sdk-core/pebble/aplite/lib/libpebble.a(tmp7jpKUopebble.o)
 .data          0x00004530        0x0 /home/brittp/.pebble-sdk/SDKs/4.9.148/toolchain/arm-none-eabi/bin/../lib/gcc/arm-none-eabi/14.2.1/thumb/v7-m/nofp/libgcc.a(_arm_muldf3.o)
 .data          0x00004530        0x0 /home/brittp/.pebble-sdk/SDKs/4.9.148/toolchain/arm-none-eabi/bin/../lib/gcc/arm-none-eabi/14.2.1/thumb/v7-m/nofp/libgcc.a(_arm_mulsf3.o)
 .data          0x00004530        0x0 /home/brittp/.pebble-sdk/SDKs/4.9.148/toolchain/arm-none-eabi/bin/../lib/gcc/arm-none-eabi/14.2.1/thumb/v7-m/nofp/libgcc.a(_arm_addsubdf3.o)
 .data          0x00004530        0x0 /home/brittp/.pebble-sdk/SDKs/4.9.148/toolchain/arm-none-eabi/bin/../lib/gcc/arm-none-eabi/14.2.1/thumb/v7-m/nofp/libgcc.a(_arm_muldivdf3.o)
 .data          0x00004530        0x0 /home/brittp/.pebble-sdk/SDKs/4.9.148/toolchain/arm-none-eabi/bin/../lib/gcc/arm-none-eabi/14.2.1/thumb/v7-m/nofp/libgcc.a(_arm_cmpdf2.o)
 .data          0x00004530        0x0 /home/brittp/.pebble-sdk/SDKs/4.9.148/toolchain/arm-none-eabi/bin/../lib/gcc/arm-none-eabi/14.2.1/thumb/v7-m/nofp/libgcc.a(_arm_unorddf2.o)
 .data          0x00004530        0x0 /home/brittp/.pebble-sdk/SDKs/4.9.148/toolchain/arm-none-eabi/bin/../lib/gcc/arm-none-eabi/14.2.1/thumb/v7-m/nofp/libgcc.a(_arm_fixdfsi.o)
 .data          0x00004530        0x0 /home/brittp/.pebble-sdk/SDKs/4.9.148/toolchain/arm-none-eabi/bin/../lib/gcc/arm-none-eabi/14.2.1/thumb/v7-m/nofp/libgcc.a(_arm_addsubsf3.o)
 .data          0x00004530        0x0 /home/brittp/.pebble-sdk/SDKs/4.9.148/toolchain/arm-none-eabi/bin/../lib/gcc/arm-none-eabi/14.2.1/thumb/v7-m/nofp/libgcc.a(_arm_muldivsf3.o)
 .data          0x00004530        0x0 /home/brittp/.pebble-sdk/SDKs/4.9.148/toolchain/arm-none-eabi/bin/../lib/gcc/arm-none-eabi/14.2.1/thumb/v7-m/nofp/libgcc.a(_arm_fixsfsi.o)
 .data          0x00004530        0x0 /home/brittp/.pebble-sdk/SDKs/4.9.148/toolchain/arm-none-eabi/bin/../lib/gcc/arm-none-eabi/14.2.1/../../../../arm-none-eabi/lib/thumb/v7-m/nofp/libc.a(libc_a-atexit.o)
 .data          0x00004530        0x0 /home/brittp/.pebble-sdk/SDKs/4.9.148/toolchain/arm-none-eabi/bin/../lib/gcc/arm-none-eabi/14.2.1/../../../../arm-none-eabi/lib/thumb/v7-m/nofp/libc.a(libc_a-exit.o)
 .data          0x00004530        0x0 /home/brittp/.pebble-sdk/SDKs/4.9.148/toolchain/arm-none-eabi/bin/../lib/gcc/arm-none-eabi/14.2.1/../../../../arm-none-eabi/lib/thumb/v7-m/nofp/libc.a(libc_a-findfp.o)
 .data          0x00004530        0x0 /home/brittp/.pebble-sdk/SDKs/4.9.148/toolchain/arm-none-eabi/bin/../lib/gcc/arm-none-eabi/14.2.1/../../../../arm-none-eabi/lib/thumb/v7-m/nofp/libc.a(libc_a-fwalk.o)
 .data          0x00004530        0x0 /home/brittp/.pebble-sdk/SDKs/4.9.148/toolchain/arm-none-eabi/bin/../lib/gcc/arm-none-eabi/14.2.1/../../../../arm-none-eabi/lib/thumb/v7-m/nofp/libc.a(libc_a-stdio.o)
 .data          0x00004530        0x0 /home/brittp/.pebble-sdk/SDKs/4.9.148/toolchain/arm-none-eabi/bin/../lib/gcc/arm-none-eabi/14.2.1/../../../../arm-none-eabi/lib/thumb/v7-m/nofp/libc.a(libc_a-closer.o)
 .data          0x00004530        0x0 /home/brittp/.pebble-sdk/SDKs/4.9.148/toolchain/arm-none-eabi/bin/../lib/gcc/arm-none-eabi/14.2.1/../../../../arm-none-eabi/lib/thumb/v7-m/nofp/libc.a(libc_a-reent.o)
 .data          0x00004530        0x0 /home/brittp/.pebble-sdk/SDKs/4.9.148/toolchain/arm-none-eabi/bin/../lib/gcc/arm-none-eabi/14.2.1/../../../../arm-none-eabi/lib/thumb/v7-m/nofp/libc.a(libc_a-impure.o)
 .data          0x00004530        0x0 /home/brittp/.pebble-sdk/SDKs/4.9.148/toolchain/arm-none-eabi/bin/../lib/gcc/arm-none-eabi/14.2.1/../../../../arm-none-eabi/lib/thumb/v7-m/nofp/libc.a(libc_a-lseekr.o)
 .data          0x00004530        0x0 /home/brittp/.pebble-sdk/SDKs/4.9.148/toolchain/arm-none-eabi/bin/../lib/gcc/arm-none-eabi/14.2.1/../../../../arm-none-eabi/lib/thumb/v7-m/nofp/libc.a(libc_a-readr.o)
 .data          0x00004530        0x0 /home/brittp/.pebble-sdk/SDKs/4.9.148/toolchain/arm-none-eabi/bin/../lib/gcc/arm-none-eabi/14.2.1/../../../../arm-none-eabi/lib/thumb/v7-m/nofp/libc.a(libc_a-writer.o)
 .data          0x00004530        0x0 /home/brittp/.pebble-sdk/SDKs/4.9.148/toolchain/arm-none-eabi/bin/../lib/gcc/arm-none-eabi/14.2.1/../../../../arm-none-eabi/lib/thumb/v7-m/nofp/libc.a(libc_a-init.o)
 .data          0x00004530        0x0 /home/brittp/.pebble-sdk/SDKs/4.9.148/toolchain/arm-none-eabi/bin/../lib/gcc/arm-none-eabi/14.2.1/../../../../arm-none-eabi/lib/thumb/v7-m/nofp/libc.a(libc_a-fini.o)
 .data          0x00004530        0x0 /home/brittp/.pebble-sdk/SDKs/4.9.148/toolchain/arm-none-eabi/bin/../lib/gcc/arm-none-eabi/14.2.1/../../../../arm-none-eabi/lib/thumb/v7-m/nofp/libc.a(libc_a-lock.o)
 .data          0x00004530        0x0 /home/brittp/.pebble-sdk/SDKs/4.9.148/toolchain/arm-none-eabi/bin/../lib/gcc/arm-none-eabi/14.2.1/../../../../arm-none-eabi/lib/thumb/v7-m/nofp/libc.a(libc_a-__atexit.o)
 .data          0x00004530        0x0 /home/brittp/.pebble-sdk/SDKs/4.9.148/toolchain/arm-none-eabi/bin/../lib/gcc/arm-none-eabi/14.2.1/../../../../arm-none-eabi/lib/thumb/v7-m/nofp/libc.a(libc_a-__call_atexit.o)
 .data          0x00004530        0x0 /home/brittp/.pebble-sdk/SDKs/4.9.148/toolchain/arm-none-eabi/bin/../lib/gcc/arm-none-eabi/14.2.1/../../../../arm-none-eabi/lib/thumb/v7-m/nofp/libc.a(libc_a-freer.o)
 .data          0x00004530        0x0 /home/brittp/.pebble-sdk/SDKs/4.9.148/toolchain/arm-none-eabi/bin/../lib/gcc/arm-none-eabi/14.2.1/../../../../arm-none-eabi/lib/thumb/v7-m/nofp/libc.a(libc_a-mallocr.o)
 .data          0x00004530        0x0 /home/brittp/.pebble-sdk/SDKs/4.9.148/toolchain/arm-none-eabi/bin/../lib/gcc/arm-none-eabi/14.2.1/../../../../arm-none-eabi/lib/thumb/v7-m/nofp/libc.a(libc_a-mlock.o)
 .data          0x00004530        0x0 /home/brittp/.pebble-sdk/SDKs/4.9.148/toolchain/arm-none-eabi/bin/../lib/gcc/arm-none-eabi/14.2.1/../../../../arm-none-eabi/lib/thumb/v7-m/nofp/libc.a(libc_a-fclose.o)
 .data          0x00004530        0x0 /home/brittp/.pebble-sdk/SDKs/4.9.148/toolchain/arm-none-eabi/bin/../lib/gcc/arm-none-eabi/14.2.1/../../../../arm-none-eabi/lib/thumb/v7-m/nofp/libc.a(libc_a-fflush.o)
 .data          0x00004530        0x0 /home/brittp/.pebble-sdk/SDKs/4.9.148/toolchain/arm-none-eabi/bin/../lib/gcc/arm-none-eabi/14.2.1/../../../../arm-none-eabi/lib/thumb/v7-m/nofp/libc.a(libc_a-sbrkr.o)
 .data          0x00004530        0x0 /home/brittp/.pebble-sdk/SDKs/4.9.148/toolchain/arm-none-eabi/bin/../lib/gcc/arm-none-eabi/14.2.1/../../../../arm-none-eabi/lib/thumb/v7-m/nofp/libc.a(libc_a-sysconf.o)
 .data          0x00004530        0x0 /home/brittp/.pebble-sdk/SDKs/4.9.148/toolchain/arm-none-eabi/bin/../lib/gcc/arm-none-eabi/14.2.1/../../../../arm-none-eabi/lib/thumb/v7-m/nofp/libc.a(libc_a-errno.o)
 .data          0x00004530        0x0 /home/brittp/.pebble-sdk/SDKs/4.9.148/toolchain/arm-none-eabi/bin/../lib/gcc/arm-none-eabi/14.2.1/thumb/v7-m/nofp/crtend.o
 .data          0x00004530        0x0 /home/brittp/.pebble-sdk/SDKs/4.9.148/toolchain/arm-none-eabi/bin/../lib/gcc/arm-none-eabi/14.2.1/thumb/v7-m/nofp/crtn.o
 .data          0x00004530        0x0 /home/brittp/.pebble-sdk/SDKs/4.9.148/toolchain/arm-none-eabi/bin/../lib/gcc/arm-none-eabi/14.2.1/../../../../arm-none-eabi/lib/thumb/v7-m/nofp/libm.a(libm_a-w_log.o)
 .data          0x00004530        0x0 /home/brittp/.pebble-sdk/SDKs/4.9.148/toolchain/arm-none-eabi/bin/../lib/gcc/arm-none-eabi/14.2.1/../../../../arm-none-eabi/lib/thumb/v7-m/nofp/libm.a(libm_a-w_log10.o)
 .data          0x00004530        0x0 /home/brittp/.pebble-sdk/SDKs/4.9.148/toolchain/arm-none-eabi/bin/../lib/gcc/arm-none-eabi/14.2.1/../../../../arm-none-eabi/lib/thumb/v7-m/nofp/libm.a(libm_a-w_pow.o)
 .data          0x00004530        0x0 /home/brittp/.pebble-sdk/SDKs/4.9.148/toolchain/arm-none-eabi/bin/../lib/gcc/arm-none-eabi/14.2.1/../../../../arm-none-eabi/lib/thumb/v7-m/nofp/libm.a(libm_a-w_sqrt.o)
 .data          0x00004530        0x0 /home/brittp/.pebble-sdk/SDKs/4.9.148/toolchain/arm-none-eabi/bin/../lib/gcc/arm-none-eabi/14.2.1/../../../../arm-none-eabi/lib/thumb/v7-m/nofp/libm.a(libm_a-s_finite.o)
 .data          0x00004530        0x0 /home/brittp/.pebble-sdk/SDKs/4.9.148/toolchain/arm-none-eabi/bin/../lib/gcc/arm-none-eabi/14.2.1/../../../../arm-none-eabi/lib/thumb/v7-m/nofp/libm.a(libm_a-s_nan.o)
 .data          0x00004530        0x0 /home/brittp/.pebble-sdk/SDKs/4.9.148/toolchain/arm-none-eabi/bin/../lib/gcc/arm-none-eabi/14.2.1/../../../../arm-none-eabi/lib/thumb/v7-m/nofp/libm.a(libm_a-e_sqrt.o)
 .data          0x00004530        0x0 /home/brittp/.pebble-sdk/SDKs/4.9.148/toolchain/arm-none-eabi/bin/../lib/gcc/arm-none-eabi/14.2.1/../../../../arm-none-eabi/lib/thumb/v7-m/nofp/libm.a(libm_a-e_log.o)
 .data          0x00004530        0x0 /home/brittp/.pebble-sdk/SDKs/4.9.148/toolchain/arm-none-eabi/bin/../lib/gcc/arm-none-eabi/14.2.1/../../../../arm-none-eabi/lib/thumb/v7-m/nofp/libm.a(libm_a-e_log10.o)
 .data          0x00004530        0x0 /home/brittp/.pebble-sdk/SDKs/4.9.148/toolchain/arm-none-eabi/bin/../lib/gcc/arm-none-eabi/14.2.1/../../../../arm-none-eabi/lib/thumb/v7-m/nofp/libm.a(libm_a-e_pow.o)
 .data          0x00004530        0x0 /home/brittp/.pebble-sdk/SDKs/4.9.148/toolchain/arm-none-eabi/bin/../lib/gcc/arm-none-eabi/14.2.1/../../../../arm-none-eabi/lib/thumb/v7-m/nofp/libm.a(libm_a-s_fabs.o)
 .data          0x00004530        0x0 /home/brittp/.pebble-sdk/SDKs/4.9.148/toolchain/arm-none-eabi/bin/../lib/gcc/arm-none-eabi/14.2.1/../../../../arm-none-eabi/lib/thumb/v7-m/nofp/libm.a(libm_a-s_scalbn.o)
 .data          0x00004530        0x0 /home/brittp/.pebble-sdk/SDKs/4.9.148/toolchain/arm-none-eabi/bin/../lib/gcc/arm-none-eabi/14.2.1/../../../../arm-none-eabi/lib/thumb/v7-m/nofp/libm.a(libm_a-math_err.o)
 *(.data.*)
 .data.rel.ro.local.TIERS
                0x00004530       0xd8 src/game_state.c.49.o
                0x00004530                TIERS
 .data.s_app_has_focus
                0x00004608        0x1 src/main.c.49.o
 *fill*         0x00004609        0x3 
 .data._impure_ptr
                0x0000460c        0x4 /home/brittp/.pebble-sdk/SDKs/4.9.148/toolchain/arm-none-eabi/bin/../lib/gcc/arm-none-eabi/14.2.1/../../../../arm-none-eabi/lib/thumb/v7-m/nofp/libc.a(libc_a-impure.o)
                0x0000460c                _impure_ptr
 .data._impure_data
                0x00004610      0x140 /home/brittp/.pebble-sdk/SDKs/4.9.148/toolchain/arm-none-eabi/bin/../lib/gcc/arm-none-eabi/14.2.1/../../../../arm-none-eabi/lib/thumb/v7-m/nofp/libc.a(libc_a-impure.o)
                0x00004610                _impure_data

.igot.plt       0x00004750        0x0
 .igot.plt      0x00004750        0x0 src/game_state.c.49.o

.got            0x00004750        0x4
 .got           0x00004750        0x4 src/game_state.c.49.o

.got.plt        0x00004754        0xc
 .got.plt       0x00004754        0xc src/game_state.c.49.o
                0x00004754                _GLOBAL_OFFSET_TABLE_

.bss            0x00004760      0x320
 *(.bss)
 *(.bss.*)
 .bss.s_gravity_buffer.0
                0x00004760       0x40 src/main.c.49.o
 .bss.s_mass_buffer.1
                0x000047a0       0x40 src/main.c.49.o
 .bss.s_collapse_frame
                0x000047e0        0x4 src/main.c.49.o
 .bss.s_is_flashing
                0x000047e4        0x1 src/main.c.49.o
 .bss.s_is_collapsing
                0x000047e5        0x1 src/main.c.49.o
 *fill*         0x000047e6        0x2 
 .bss.s_taps_since_last_tick
                0x000047e8        0x4 src/main.c.49.o
 .bss.s_is_app_exiting
                0x000047ec        0x1 src/main.c.49.o
 *fill*         0x000047ed        0x3 
 .bss.s_hold_time_ms
                0x000047f0        0x4 src/main.c.49.o
 .bss.s_tap_timer
                0x000047f4        0x4 src/main.c.49.o
 .bss.s_state   0x000047f8       0x50 src/main.c.49.o
 .bss.s_canvas_layer
                0x00004848        0x4 src/main.c.49.o
 .bss.s_gravity_layer
                0x0000484c        0x4 src/main.c.49.o
 .bss.s_mass_layer
                0x00004850        0x4 src/main.c.49.o
 .bss.s_main_window
                0x00004854        0x4 src/main.c.49.o
 .bss.log_buf.0
                0x00004858       0x20 src/math_utils.c.49.o
 .bss.s_cost_buf.0
                0x00004878       0x40 src/shop_menu.c.49.o
 .bss.s_val_buf.1
                0x000048b8       0x20 src/shop_menu.c.49.o
 .bss.s_name_buf.2
                0x000048d8       0x40 src/shop_menu.c.49.o
 .bss.log_val.3
                0x00004918       0x20 src/shop_menu.c.49.o
 .bss.s_callback
                0x00004938        0x4 src/shop_menu.c.49.o
 .bss.s_game_state
                0x0000493c        0x4 src/shop_menu.c.49.o
 .bss.s_menu_layer
                0x00004940        0x4 src/shop_menu.c.49.o
 .bss.s_shop_window
                0x00004944        0x4 src/shop_menu.c.49.o
 .bss.__sf      0x00004948      0x138 /home/brittp/.pebble-sdk/SDKs/4.9.148/toolchain/arm-none-eabi/bin/../lib/gcc/arm-none-eabi/14.2.1/../../../../arm-none-eabi/lib/thumb/v7-m/nofp/libc.a(libc_a-findfp.o)
                0x00004948                __sf

DISCARD         0x00000000      0x283
 libc.a(*)
 libm.a(*)
 .comment       0x00000000       0x3a /home/brittp/.pebble-sdk/SDKs/4.9.148/toolchain/arm-none-eabi/bin/../lib/gcc/arm-none-eabi/14.2.1/../../../../arm-none-eabi/lib/thumb/v7-m/nofp/libm.a(libm_a-w_log.o)
                                 0x3b (size before relaxing)
 .ARM.attributes
                0x0000003a       0x2d /home/brittp/.pebble-sdk/SDKs/4.9.148/toolchain/arm-none-eabi/bin/../lib/gcc/arm-none-eabi/14.2.1/../../../../arm-none-eabi/lib/thumb/v7-m/nofp/libm.a(libm_a-w_log.o)
 .comment       0x00000067       0x3b /home/brittp/.pebble-sdk/SDKs/4.9.148/toolchain/arm-none-eabi/bin/../lib/gcc/arm-none-eabi/14.2.1/../../../../arm-none-eabi/lib/thumb/v7-m/nofp/libm.a(libm_a-w_log10.o)
 .ARM.attributes
                0x00000067       0x2d /home/brittp/.pebble-sdk/SDKs/4.9.148/toolchain/arm-none-eabi/bin/../lib/gcc/arm-none-eabi/14.2.1/../../../../arm-none-eabi/lib/thumb/v7-m/nofp/libm.a(libm_a-w_log10.o)
 .comment       0x00000094       0x3b /home/brittp/.pebble-sdk/SDKs/4.9.148/toolchain/arm-none-eabi/bin/../lib/gcc/arm-none-eabi/14.2.1/../../../../arm-none-eabi/lib/thumb/v7-m/nofp/libm.a(libm_a-w_pow.o)
 .ARM.attributes
                0x00000094       0x2d /home/brittp/.pebble-sdk/SDKs/4.9.148/toolchain/arm-none-eabi/bin/../lib/gcc/arm-none-eabi/14.2.1/../../../../arm-none-eabi/lib/thumb/v7-m/nofp/libm.a(libm_a-w_pow.o)
 .comment       0x000000c1       0x3b /home/brittp/.pebble-sdk/SDKs/4.9.148/toolchain/arm-none-eabi/bin/../lib/gcc/arm-none-eabi/14.2.1/../../../../arm-none-eabi/lib/thumb/v7-m/nofp/libm.a(libm_a-w_sqrt.o)
 .ARM.attributes
                0x000000c1       0x2d /home/brittp/.pebble-sdk/SDKs/4.9.148/toolchain/arm-none-eabi/bin/../lib/gcc/arm-none-eabi/14.2.1/../../../../arm-none-eabi/lib/thumb/v7-m/nofp/libm.a(libm_a-w_sqrt.o)
 .comment       0x000000ee       0x3b /home/brittp/.pebble-sdk/SDKs/4.9.148/toolchain/arm-none-eabi/bin/../lib/gcc/arm-none-eabi/14.2.1/../../../../arm-none-eabi/lib/thumb/v7-m/nofp/libm.a(libm_a-s_finite.o)
 .ARM.attributes
                0x000000ee       0x2d /home/brittp/.pebble-sdk/SDKs/4.9.148/toolchain/arm-none-eabi/bin/../lib/gcc/arm-none-eabi/14.2.1/../../../../arm-none-eabi/lib/thumb/v7-m/nofp/libm.a(libm_a-s_finite.o)
 .comment       0x0000011b       0x3b /home/brittp/.pebble-sdk/SDKs/4.9.148/toolchain/arm-none-eabi/bin/../lib/gcc/arm-none-eabi/14.2.1/../../../../arm-none-eabi/lib/thumb/v7-m/nofp/libm.a(libm_a-s_nan.o)
 .ARM.attributes
                0x0000011b       0x2d /home/brittp/.pebble-sdk/SDKs/4.9.148/toolchain/arm-none-eabi/bin/../lib/gcc/arm-none-eabi/14.2.1/../../../../arm-none-eabi/lib/thumb/v7-m/nofp/libm.a(libm_a-s_nan.o)
 .comment       0x00000148       0x3b /home/brittp/.pebble-sdk/SDKs/4.9.148/toolchain/arm-none-eabi/bin/../lib/gcc/arm-none-eabi/14.2.1/../../../../arm-none-eabi/lib/thumb/v7-m/nofp/libm.a(libm_a-e_sqrt.o)
 .ARM.attributes
                0x00000148       0x2d /home/brittp/.pebble-sdk/SDKs/4.9.148/toolchain/arm-none-eabi/bin/../lib/gcc/arm-none-eabi/14.2.1/../../../../arm-none-eabi/lib/thumb/v7-m/nofp/libm.a(libm_a-e_sqrt.o)
 .comment       0x00000175       0x3b /home/brittp/.pebble-sdk/SDKs/4.9.148/toolchain/arm-none-eabi/bin/../lib/gcc/arm-none-eabi/14.2.1/../../../../arm-none-eabi/lib/thumb/v7-m/nofp/libm.a(libm_a-e_log.o)
 .ARM.attributes
                0x00000175       0x2d /home/brittp/.pebble-sdk/SDKs/4.9.148/toolchain/arm-none-eabi/bin/../lib/gcc/arm-none-eabi/14.2.1/../../../../arm-none-eabi/lib/thumb/v7-m/nofp/libm.a(libm_a-e_log.o)
 .comment       0x000001a2       0x3b /home/brittp/.pebble-sdk/SDKs/4.9.148/toolchain/arm-none-eabi/bin/../lib/gcc/arm-none-eabi/14.2.1/../../../../arm-none-eabi/lib/thumb/v7-m/nofp/libm.a(libm_a-e_log10.o)
 .ARM.attributes
                0x000001a2       0x2d /home/brittp/.pebble-sdk/SDKs/4.9.148/toolchain/arm-none-eabi/bin/../lib/gcc/arm-none-eabi/14.2.1/../../../../arm-none-eabi/lib/thumb/v7-m/nofp/libm.a(libm_a-e_log10.o)
 .comment       0x000001cf       0x3b /home/brittp/.pebble-sdk/SDKs/4.9.148/toolchain/arm-none-eabi/bin/../lib/gcc/arm-none-eabi/14.2.1/../../../../arm-none-eabi/lib/thumb/v7-m/nofp/libm.a(libm_a-e_pow.o)
 .ARM.attributes
                0x000001cf       0x2d /home/brittp/.pebble-sdk/SDKs/4.9.148/toolchain/arm-none-eabi/bin/../lib/gcc/arm-none-eabi/14.2.1/../../../../arm-none-eabi/lib/thumb/v7-m/nofp/libm.a(libm_a-e_pow.o)
 .comment       0x000001fc       0x3b /home/brittp/.pebble-sdk/SDKs/4.9.148/toolchain/arm-none-eabi/bin/../lib/gcc/arm-none-eabi/14.2.1/../../../../arm-none-eabi/lib/thumb/v7-m/nofp/libm.a(libm_a-s_fabs.o)
 .ARM.attributes
                0x000001fc       0x2d /home/brittp/.pebble-sdk/SDKs/4.9.148/toolchain/arm-none-eabi/bin/../lib/gcc/arm-none-eabi/14.2.1/../../../../arm-none-eabi/lib/thumb/v7-m/nofp/libm.a(libm_a-s_fabs.o)
 .comment       0x00000229       0x3b /home/brittp/.pebble-sdk/SDKs/4.9.148/toolchain/arm-none-eabi/bin/../lib/gcc/arm-none-eabi/14.2.1/../../../../arm-none-eabi/lib/thumb/v7-m/nofp/libm.a(libm_a-s_scalbn.o)
 .ARM.attributes
                0x00000229       0x2d /home/brittp/.pebble-sdk/SDKs/4.9.148/toolchain/arm-none-eabi/bin/../lib/gcc/arm-none-eabi/14.2.1/../../../../arm-none-eabi/lib/thumb/v7-m/nofp/libm.a(libm_a-s_scalbn.o)
 .comment       0x00000256       0x3b /home/brittp/.pebble-sdk/SDKs/4.9.148/toolchain/arm-none-eabi/bin/../lib/gcc/arm-none-eabi/14.2.1/../../../../arm-none-eabi/lib/thumb/v7-m/nofp/libm.a(libm_a-math_err.o)
 .ARM.attributes
                0x00000256       0x2d /home/brittp/.pebble-sdk/SDKs/4.9.148/toolchain/arm-none-eabi/bin/../lib/gcc/arm-none-eabi/14.2.1/../../../../arm-none-eabi/lib/thumb/v7-m/nofp/libm.a(libm_a-math_err.o)
 libgcc.a(*)
 *(.eh_frame)
OUTPUT(/home/brittp/Singularity/build/aplite/pebble-app.elf elf32-littlearm)
LOAD linker stubs
LOAD /home/brittp/.pebble-sdk/SDKs/4.9.148/toolchain/arm-none-eabi/bin/../lib/gcc/arm-none-eabi/14.2.1/../../../../arm-none-eabi/lib/thumb/v7-m/nofp/libc.a
LOAD /home/brittp/.pebble-sdk/SDKs/4.9.148/toolchain/arm-none-eabi/bin/../lib/gcc/arm-none-eabi/14.2.1/../../../../arm-none-eabi/lib/thumb/v7-m/nofp/libm.a
LOAD /home/brittp/.pebble-sdk/SDKs/4.9.148/toolchain/arm-none-eabi/bin/../lib/gcc/arm-none-eabi/14.2.1/thumb/v7-m/nofp/libgcc.a

.ARM.attributes
                0x00000000       0x29
 .ARM.attributes
                0x00000000       0x1d /home/brittp/.pebble-sdk/SDKs/4.9.148/toolchain/arm-none-eabi/bin/../lib/gcc/arm-none-eabi/14.2.1/thumb/v7-m/nofp/crti.o
 .ARM.attributes
                0x0000001d       0x2d /home/brittp/.pebble-sdk/SDKs/4.9.148/toolchain/arm-none-eabi/bin/../lib/gcc/arm-none-eabi/14.2.1/thumb/v7-m/nofp/crtbegin.o
 .ARM.attributes
                0x0000004a       0x1b /home/brittp/.pebble-sdk/SDKs/4.9.148/toolchain/arm-none-eabi/bin/../lib/gcc/arm-none-eabi/14.2.1/../../../../arm-none-eabi/lib/thumb/v7-m/nofp/crt0.o
 .ARM.attributes
                0x00000065       0x2d src/game_state.c.49.o
 .ARM.attributes
                0x00000092       0x2d src/main.c.49.o
 .ARM.attributes
                0x000000bf       0x2d src/math_utils.c.49.o
 .ARM.attributes
                0x000000ec       0x2d src/shop_menu.c.49.o
 .ARM.attributes
                0x00000119       0x2d aplite/appinfo.auto.c.49.o
 .ARM.attributes
                0x00000146       0x2d aplite/src/resource_ids.auto.c.49.o
 .ARM.attributes
                0x00000173       0x21 /home/brittp/.pebble-sdk/SDKs/current/sdk-core/pebble/aplite/lib/libpebble.a(tmp7jpKUopebble.o)
 .ARM.attributes
                0x00000194       0x1d /home/brittp/.pebble-sdk/SDKs/4.9.148/toolchain/arm-none-eabi/bin/../lib/gcc/arm-none-eabi/14.2.1/thumb/v7-m/nofp/libgcc.a(_arm_muldf3.o)
 .ARM.attributes
                0x000001b1       0x1d /home/brittp/.pebble-sdk/SDKs/4.9.148/toolchain/arm-none-eabi/bin/../lib/gcc/arm-none-eabi/14.2.1/thumb/v7-m/nofp/libgcc.a(_arm_mulsf3.o)
 .ARM.attributes
                0x000001ce       0x1d /home/brittp/.pebble-sdk/SDKs/4.9.148/toolchain/arm-none-eabi/bin/../lib/gcc/arm-none-eabi/14.2.1/thumb/v7-m/nofp/libgcc.a(_arm_addsubdf3.o)
 .ARM.attributes
                0x000001eb       0x1d /home/brittp/.pebble-sdk/SDKs/4.9.148/toolchain/arm-none-eabi/bin/../lib/gcc/arm-none-eabi/14.2.1/thumb/v7-m/nofp/libgcc.a(_arm_muldivdf3.o)
 .ARM.attributes
                0x00000208       0x1d /home/brittp/.pebble-sdk/SDKs/4.9.148/toolchain/arm-none-eabi/bin/../lib/gcc/arm-none-eabi/14.2.1/thumb/v7-m/nofp/libgcc.a(_arm_cmpdf2.o)
 .ARM.attributes
                0x00000225       0x1d /home/brittp/.pebble-sdk/SDKs/4.9.148/toolchain/arm-none-eabi/bin/../lib/gcc/arm-none-eabi/14.2.1/thumb/v7-m/nofp/libgcc.a(_arm_unorddf2.o)
 .ARM.attributes
                0x00000242       0x1d /home/brittp/.pebble-sdk/SDKs/4.9.148/toolchain/arm-none-eabi/bin/../lib/gcc/arm-none-eabi/14.2.1/thumb/v7-m/nofp/libgcc.a(_arm_fixdfsi.o)
 .ARM.attributes
                0x0000025f       0x1d /home/brittp/.pebble-sdk/SDKs/4.9.148/toolchain/arm-none-eabi/bin/../lib/gcc/arm-none-eabi/14.2.1/thumb/v7-m/nofp/libgcc.a(_arm_addsubsf3.o)
 .ARM.attributes
                0x0000027c       0x1d /home/brittp/.pebble-sdk/SDKs/4.9.148/toolchain/arm-none-eabi/bin/../lib/gcc/arm-none-eabi/14.2.1/thumb/v7-m/nofp/libgcc.a(_arm_muldivsf3.o)
 .ARM.attributes
                0x00000299       0x1d /home/brittp/.pebble-sdk/SDKs/4.9.148/toolchain/arm-none-eabi/bin/../lib/gcc/arm-none-eabi/14.2.1/thumb/v7-m/nofp/libgcc.a(_arm_fixsfsi.o)
 .ARM.attributes
                0x000002b6       0x2d /home/brittp/.pebble-sdk/SDKs/4.9.148/toolchain/arm-none-eabi/bin/../lib/gcc/arm-none-eabi/14.2.1/../../../../arm-none-eabi/lib/thumb/v7-m/nofp/libc.a(libc_a-atexit.o)
 .ARM.attributes
                0x000002e3       0x2d /home/brittp/.pebble-sdk/SDKs/4.9.148/toolchain/arm-none-eabi/bin/../lib/gcc/arm-none-eabi/14.2.1/../../../../arm-none-eabi/lib/thumb/v7-m/nofp/libc.a(libc_a-exit.o)
 .ARM.attributes
                0x00000310       0x2d /home/brittp/.pebble-sdk/SDKs/4.9.148/toolchain/arm-none-eabi/bin/../lib/gcc/arm-none-eabi/14.2.1/../../../../arm-none-eabi/lib/thumb/v7-m/nofp/libc.a(libc_a-findfp.o)
 .ARM.attributes
                0x0000033d       0x2d /home/brittp/.pebble-sdk/SDKs/4.9.148/toolchain/arm-none-eabi/bin/../lib/gcc/arm-none-eabi/14.2.1/../../../../arm-none-eabi/lib/thumb/v7-m/nofp/libc.a(libc_a-fwalk.o)
 .ARM.attributes
                0x0000036a       0x2d /home/brittp/.pebble-sdk/SDKs/4.9.148/toolchain/arm-none-eabi/bin/../lib/gcc/arm-none-eabi/14.2.1/../../../../arm-none-eabi/lib/thumb/v7-m/nofp/libc.a(libc_a-stdio.o)
 .ARM.attributes
                0x00000397       0x2d /home/brittp/.pebble-sdk/SDKs/4.9.148/toolchain/arm-none-eabi/bin/../lib/gcc/arm-none-eabi/14.2.1/../../../../arm-none-eabi/lib/thumb/v7-m/nofp/libc.a(libc_a-closer.o)
 .ARM.attributes
                0x000003c4       0x2d /home/brittp/.pebble-sdk/SDKs/4.9.148/toolchain/arm-none-eabi/bin/../lib/gcc/arm-none-eabi/14.2.1/../../../../arm-none-eabi/lib/thumb/v7-m/nofp/libc.a(libc_a-reent.o)
 .ARM.attributes
                0x000003f1       0x2d /home/brittp/.pebble-sdk/SDKs/4.9.148/toolchain/arm-none-eabi/bin/../lib/gcc/arm-none-eabi/14.2.1/../../../../arm-none-eabi/lib/thumb/v7-m/nofp/libc.a(libc_a-impure.o)
 .ARM.attributes
                0x0000041e       0x2d /home/brittp/.pebble-sdk/SDKs/4.9.148/toolchain/arm-none-eabi/bin/../lib/gcc/arm-none-eabi/14.2.1/../../../../arm-none-eabi/lib/thumb/v7-m/nofp/libc.a(libc_a-lseekr.o)
 .ARM.attributes
                0x0000044b       0x2d /home/brittp/.pebble-sdk/SDKs/4.9.148/toolchain/arm-none-eabi/bin/../lib/gcc/arm-none-eabi/14.2.1/../../../../arm-none-eabi/lib/thumb/v7-m/nofp/libc.a(libc_a-readr.o)
 .ARM.attributes
                0x00000478       0x2d /home/brittp/.pebble-sdk/SDKs/4.9.148/toolchain/arm-none-eabi/bin/../lib/gcc/arm-none-eabi/14.2.1/../../../../arm-none-eabi/lib/thumb/v7-m/nofp/libc.a(libc_a-writer.o)
 .ARM.attributes
                0x000004a5       0x2d /home/brittp/.pebble-sdk/SDKs/4.9.148/toolchain/arm-none-eabi/bin/../lib/gcc/arm-none-eabi/14.2.1/../../../../arm-none-eabi/lib/thumb/v7-m/nofp/libc.a(libc_a-init.o)
 .ARM.attributes
                0x000004d2       0x2d /home/brittp/.pebble-sdk/SDKs/4.9.148/toolchain/arm-none-eabi/bin/../lib/gcc/arm-none-eabi/14.2.1/../../../../arm-none-eabi/lib/thumb/v7-m/nofp/libc.a(libc_a-fini.o)
 .ARM.attributes
                0x000004ff       0x2d /home/brittp/.pebble-sdk/SDKs/4.9.148/toolchain/arm-none-eabi/bin/../lib/gcc/arm-none-eabi/14.2.1/../../../../arm-none-eabi/lib/thumb/v7-m/nofp/libc.a(libc_a-lock.o)
 .ARM.attributes
                0x0000052c       0x2d /home/brittp/.pebble-sdk/SDKs/4.9.148/toolchain/arm-none-eabi/bin/../lib/gcc/arm-none-eabi/14.2.1/../../../../arm-none-eabi/lib/thumb/v7-m/nofp/libc.a(libc_a-__atexit.o)
 .ARM.attributes
                0x00000559       0x2d /home/brittp/.pebble-sdk/SDKs/4.9.148/toolchain/arm-none-eabi/bin/../lib/gcc/arm-none-eabi/14.2.1/../../../../arm-none-eabi/lib/thumb/v7-m/nofp/libc.a(libc_a-__call_atexit.o)
 .ARM.attributes
                0x00000586       0x2d /home/brittp/.pebble-sdk/SDKs/4.9.148/toolchain/arm-none-eabi/bin/../lib/gcc/arm-none-eabi/14.2.1/../../../../arm-none-eabi/lib/thumb/v7-m/nofp/libc.a(libc_a-freer.o)
 .ARM.attributes
                0x000005b3       0x2d /home/brittp/.pebble-sdk/SDKs/4.9.148/toolchain/arm-none-eabi/bin/../lib/gcc/arm-none-eabi/14.2.1/../../../../arm-none-eabi/lib/thumb/v7-m/nofp/libc.a(libc_a-mallocr.o)
 .ARM.attributes
                0x000005e0       0x2d /home/brittp/.pebble-sdk/SDKs/4.9.148/toolchain/arm-none-eabi/bin/../lib/gcc/arm-none-eabi/14.2.1/../../../../arm-none-eabi/lib/thumb/v7-m/nofp/libc.a(libc_a-mlock.o)
 .ARM.attributes
                0x0000060d       0x2d /home/brittp/.pebble-sdk/SDKs/4.9.148/toolchain/arm-none-eabi/bin/../lib/gcc/arm-none-eabi/14.2.1/../../../../arm-none-eabi/lib/thumb/v7-m/nofp/libc.a(libc_a-fclose.o)
 .ARM.attributes
                0x0000063a       0x2d /home/brittp/.pebble-sdk/SDKs/4.9.148/toolchain/arm-none-eabi/bin/../lib/gcc/arm-none-eabi/14.2.1/../../../../arm-none-eabi/lib/thumb/v7-m/nofp/libc.a(libc_a-fflush.o)
 .ARM.attributes
                0x00000667       0x2d /home/brittp/.pebble-sdk/SDKs/4.9.148/toolchain/arm-none-eabi/bin/../lib/gcc/arm-none-eabi/14.2.1/../../../../arm-none-eabi/lib/thumb/v7-m/nofp/libc.a(libc_a-sbrkr.o)
 .ARM.attributes
                0x00000694       0x2d /home/brittp/.pebble-sdk/SDKs/4.9.148/toolchain/arm-none-eabi/bin/../lib/gcc/arm-none-eabi/14.2.1/../../../../arm-none-eabi/lib/thumb/v7-m/nofp/libc.a(libc_a-sysconf.o)
 .ARM.attributes
                0x000006c1       0x2d /home/brittp/.pebble-sdk/SDKs/4.9.148/toolchain/arm-none-eabi/bin/../lib/gcc/arm-none-eabi/14.2.1/../../../../arm-none-eabi/lib/thumb/v7-m/nofp/libc.a(libc_a-errno.o)
 .ARM.attributes
                0x000006ee       0x2d /home/brittp/.pebble-sdk/SDKs/4.9.148/toolchain/arm-none-eabi/bin/../lib/gcc/arm-none-eabi/14.2.1/thumb/v7-m/nofp/crtend.o
 .ARM.attributes
                0x0000071b       0x1d /home/brittp/.pebble-sdk/SDKs/4.9.148/toolchain/arm-none-eabi/bin/../lib/gcc/arm-none-eabi/14.2.1/thumb/v7-m/nofp/crtn.o

.comment        0x00000000       0x3a
 .comment       0x00000000       0x3a /home/brittp/.pebble-sdk/SDKs/4.9.148/toolchain/arm-none-eabi/bin/../lib/gcc/arm-none-eabi/14.2.1/thumb/v7-m/nofp/crtbegin.o
                                 0x3b (size before relaxing)
 .comment       0x0000003a       0x3b src/game_state.c.49.o
 .comment       0x0000003a       0x3b src/main.c.49.o
 .comment       0x0000003a       0x3b src/math_utils.c.49.o
 .comment       0x0000003a       0x3b src/shop_menu.c.49.o
 .comment       0x0000003a       0x3b aplite/appinfo.auto.c.49.o
 .comment       0x0000003a       0x3b aplite/src/resource_ids.auto.c.49.o
 .comment       0x0000003a       0x3b /home/brittp/.pebble-sdk/SDKs/4.9.148/toolchain/arm-none-eabi/bin/../lib/gcc/arm-none-eabi/14.2.1/../../../../arm-none-eabi/lib/thumb/v7-m/nofp/libc.a(libc_a-atexit.o)
 .comment       0x0000003a       0x3b /home/brittp/.pebble-sdk/SDKs/4.9.148/toolchain/arm-none-eabi/bin/../lib/gcc/arm-none-eabi/14.2.1/../../../../arm-none-eabi/lib/thumb/v7-m/nofp/libc.a(libc_a-exit.o)
 .comment       0x0000003a       0x3b /home/brittp/.pebble-sdk/SDKs/4.9.148/toolchain/arm-none-eabi/bin/../lib/gcc/arm-none-eabi/14.2.1/../../../../arm-none-eabi/lib/thumb/v7-m/nofp/libc.a(libc_a-findfp.o)
 .comment       0x0000003a       0x3b /home/brittp/.pebble-sdk/SDKs/4.9.148/toolchain/arm-none-eabi/bin/../lib/gcc/arm-none-eabi/14.2.1/../../../../arm-none-eabi/lib/thumb/v7-m/nofp/libc.a(libc_a-fwalk.o)
 .comment       0x0000003a       0x3b /home/brittp/.pebble-sdk/SDKs/4.9.148/toolchain/arm-none-eabi/bin/../lib/gcc/arm-none-eabi/14.2.1/../../../../arm-none-eabi/lib/thumb/v7-m/nofp/libc.a(libc_a-stdio.o)
 .comment       0x0000003a       0x3b /home/brittp/.pebble-sdk/SDKs/4.9.148/toolchain/arm-none-eabi/bin/../lib/gcc/arm-none-eabi/14.2.1/../../../../arm-none-eabi/lib/thumb/v7-m/nofp/libc.a(libc_a-closer.o)
 .comment       0x0000003a       0x3b /home/brittp/.pebble-sdk/SDKs/4.9.148/toolchain/arm-none-eabi/bin/../lib/gcc/arm-none-eabi/14.2.1/../../../../arm-none-eabi/lib/thumb/v7-m/nofp/libc.a(libc_a-reent.o)
 .comment       0x0000003a       0x3b /home/brittp/.pebble-sdk/SDKs/4.9.148/toolchain/arm-none-eabi/bin/../lib/gcc/arm-none-eabi/14.2.1/../../../../arm-none-eabi/lib/thumb/v7-m/nofp/libc.a(libc_a-impure.o)
 .comment       0x0000003a       0x3b /home/brittp/.pebble-sdk/SDKs/4.9.148/toolchain/arm-none-eabi/bin/../lib/gcc/arm-none-eabi/14.2.1/../../../../arm-none-eabi/lib/thumb/v7-m/nofp/libc.a(libc_a-lseekr.o)
 .comment       0x0000003a       0x3b /home/brittp/.pebble-sdk/SDKs/4.9.148/toolchain/arm-none-eabi/bin/../lib/gcc/arm-none-eabi/14.2.1/../../../../arm-none-eabi/lib/thumb/v7-m/nofp/libc.a(libc_a-readr.o)
 .comment       0x0000003a       0x3b /home/brittp/.pebble-sdk/SDKs/4.9.148/toolchain/arm-none-eabi/bin/../lib/gcc/arm-none-eabi/14.2.1/../../../../arm-none-eabi/lib/thumb/v7-m/nofp/libc.a(libc_a-writer.o)
 .comment       0x0000003a       0x3b /home/brittp/.pebble-sdk/SDKs/4.9.148/toolchain/arm-none-eabi/bin/../lib/gcc/arm-none-eabi/14.2.1/../../../../arm-none-eabi/lib/thumb/v7-m/nofp/libc.a(libc_a-init.o)
 .comment       0x0000003a       0x3b /home/brittp/.pebble-sdk/SDKs/4.9.148/toolchain/arm-none-eabi/bin/../lib/gcc/arm-none-eabi/14.2.1/../../../../arm-none-eabi/lib/thumb/v7-m/nofp/libc.a(libc_a-fini.o)
 .comment       0x0000003a       0x3b /home/brittp/.pebble-sdk/SDKs/4.9.148/toolchain/arm-none-eabi/bin/../lib/gcc/arm-none-eabi/14.2.1/../../../../arm-none-eabi/lib/thumb/v7-m/nofp/libc.a(libc_a-lock.o)
 .comment       0x0000003a       0x3b /home/brittp/.pebble-sdk/SDKs/4.9.148/toolchain/arm-none-eabi/bin/../lib/gcc/arm-none-eabi/14.2.1/../../../../arm-none-eabi/lib/thumb/v7-m/nofp/libc.a(libc_a-__atexit.o)
 .comment       0x0000003a       0x3b /home/brittp/.pebble-sdk/SDKs/4.9.148/toolchain/arm-none-eabi/bin/../lib/gcc/arm-none-eabi/14.2.1/../../../../arm-none-eabi/lib/thumb/v7-m/nofp/libc.a(libc_a-__call_atexit.o)
 .comment       0x0000003a       0x3b /home/brittp/.pebble-sdk/SDKs/4.9.148/toolchain/arm-none-eabi/bin/../lib/gcc/arm-none-eabi/14.2.1/../../../../arm-none-eabi/lib/thumb/v7-m/nofp/libc.a(libc_a-freer.o)
 .comment       0x0000003a       0x3b /home/brittp/.pebble-sdk/SDKs/4.9.148/toolchain/arm-none-eabi/bin/../lib/gcc/arm-none-eabi/14.2.1/../../../../arm-none-eabi/lib/thumb/v7-m/nofp/libc.a(libc_a-mallocr.o)
 .comment       0x0000003a       0x3b /home/brittp/.pebble-sdk/SDKs/4.9.148/toolchain/arm-none-eabi/bin/../lib/gcc/arm-none-eabi/14.2.1/../../../../arm-none-eabi/lib/thumb/v7-m/nofp/libc.a(libc_a-mlock.o)
 .comment       0x0000003a       0x3b /home/brittp/.pebble-sdk/SDKs/4.9.148/toolchain/arm-none-eabi/bin/../lib/gcc/arm-none-eabi/14.2.1/../../../../arm-none-eabi/lib/thumb/v7-m/nofp/libc.a(libc_a-fclose.o)
 .comment       0x0000003a       0x3b /home/brittp/.pebble-sdk/SDKs/4.9.148/toolchain/arm-none-eabi/bin/../lib/gcc/arm-none-eabi/14.2.1/../../../../arm-none-eabi/lib/thumb/v7-m/nofp/libc.a(libc_a-fflush.o)
 .comment       0x0000003a       0x3b /home/brittp/.pebble-sdk/SDKs/4.9.148/toolchain/arm-none-eabi/bin/../lib/gcc/arm-none-eabi/14.2.1/../../../../arm-none-eabi/lib/thumb/v7-m/nofp/libc.a(libc_a-sbrkr.o)
 .comment       0x0000003a       0x3b /home/brittp/.pebble-sdk/SDKs/4.9.148/toolchain/arm-none-eabi/bin/../lib/gcc/arm-none-eabi/14.2.1/../../../../arm-none-eabi/lib/thumb/v7-m/nofp/libc.a(libc_a-sysconf.o)
 .comment       0x0000003a       0x3b /home/brittp/.pebble-sdk/SDKs/4.9.148/toolchain/arm-none-eabi/bin/../lib/gcc/arm-none-eabi/14.2.1/../../../../arm-none-eabi/lib/thumb/v7-m/nofp/libc.a(libc_a-errno.o)
 .comment       0x0000003a       0x3b /home/brittp/.pebble-sdk/SDKs/4.9.148/toolchain/arm-none-eabi/bin/../lib/gcc/arm-none-eabi/14.2.1/thumb/v7-m/nofp/crtend.o

.debug_info     0x00000000     0x4726
 .debug_info    0x00000000      0xbee src/game_state.c.49.o
 .debug_info    0x00000bee     0x1ba2 src/main.c.49.o
 .debug_info    0x00002790      0x7e9 src/math_utils.c.49.o
 .debug_info    0x00002f79     0x140a src/shop_menu.c.49.o
 .debug_info    0x00004383      0x33e aplite/appinfo.auto.c.49.o
 .debug_info    0x000046c1       0x65 aplite/src/resource_ids.auto.c.49.o

.debug_abbrev   0x00000000      0xf26
 .debug_abbrev  0x00000000      0x2d3 src/game_state.c.49.o
 .debug_abbrev  0x000002d3      0x4c9 src/main.c.49.o
 .debug_abbrev  0x0000079c      0x241 src/math_utils.c.49.o
 .debug_abbrev  0x000009dd      0x46a src/shop_menu.c.49.o
 .debug_abbrev  0x00000e47       0xb9 aplite/appinfo.auto.c.49.o
 .debug_abbrev  0x00000f00       0x26 aplite/src/resource_ids.auto.c.49.o

.debug_loclists
                0x00000000     0x159a
 .debug_loclists
                0x00000000      0x448 src/game_state.c.49.o
 .debug_loclists
                0x00000448      0x8e3 src/main.c.49.o
 .debug_loclists
                0x00000d2b      0x3b0 src/math_utils.c.49.o
 .debug_loclists
                0x000010db      0x4bf src/shop_menu.c.49.o

.debug_aranges  0x00000000      0x1e0
 .debug_aranges
                0x00000000       0x70 src/game_state.c.49.o
 .debug_aranges
                0x00000070       0x98 src/main.c.49.o
 .debug_aranges
                0x00000108       0x38 src/math_utils.c.49.o
 .debug_aranges
                0x00000140       0x70 src/shop_menu.c.49.o
 .debug_aranges
                0x000001b0       0x18 aplite/appinfo.auto.c.49.o
 .debug_aranges
                0x000001c8       0x18 aplite/src/resource_ids.auto.c.49.o

.debug_rnglists
                0x00000000      0x245
 .debug_rnglists
                0x00000000       0x7b src/game_state.c.49.o
 .debug_rnglists
                0x0000007b       0xf7 src/main.c.49.o
 .debug_rnglists
                0x00000172       0x54 src/math_utils.c.49.o
 .debug_rnglists
                0x000001c6       0x7f src/shop_menu.c.49.o

.debug_line     0x00000000     0x1f0f
 .debug_line    0x00000000      0x73b src/game_state.c.49.o
 .debug_line    0x0000073b      0xb8f src/main.c.49.o
 .debug_line    0x000012ca      0x403 src/math_utils.c.49.o
 .debug_line    0x000016cd      0x6a1 src/shop_menu.c.49.o
 .debug_line    0x00001d6e      0x162 aplite/appinfo.auto.c.49.o
 .debug_line    0x00001ed0       0x3f aplite/src/resource_ids.auto.c.49.o

.debug_str      0x00000000     0x17f1
 .debug_str     0x00000000     0x17f1 src/game_state.c.49.o
                                0x513 (size before relaxing)
 .debug_str     0x000017f1      0xde5 src/main.c.49.o
 .debug_str     0x000017f1      0x35f src/math_utils.c.49.o
 .debug_str     0x000017f1      0xb7c src/shop_menu.c.49.o
 .debug_str     0x000017f1      0x4c1 aplite/appinfo.auto.c.49.o
 .debug_str     0x000017f1      0x155 aplite/src/resource_ids.auto.c.49.o

.debug_frame    0x00000000      0x5d4
 .debug_frame   0x00000000      0x170 src/game_state.c.49.o
 .debug_frame   0x00000170      0x21c src/main.c.49.o
 .debug_frame   0x0000038c       0xb8 src/math_utils.c.49.o
 .debug_frame   0x00000444      0x190 src/shop_menu.c.49.o
