Archive member included to satisfy reference by file (symbol)

/home/brittp/.pebble-sdk/SDKs/current/sdk-core/pebble/aplite/lib/libpebble.a(tmp7jpKUopebble.o)
                              src/main.c.49.o (app_event_loop)
/home/brittp/.pebble-sdk/SDKs/4.9.148/toolchain/arm-none-eabi/bin/../lib/gcc/arm-none-eabi/14.2.1/thumb/v7-m/nofp/libgcc.a(_arm_muldf3.o)
                              src/game_state.c.49.o (__aeabi_dmul)
/home/brittp/.pebble-sdk/SDKs/4.9.148/toolchain/arm-none-eabi/bin/../lib/gcc/arm-none-eabi/14.2.1/thumb/v7-m/nofp/libgcc.a(_arm_addsubdf3.o)
                              src/game_state.c.49.o (__aeabi_dsub)
/home/brittp/.pebble-sdk/SDKs/4.9.148/toolchain/arm-none-eabi/bin/../lib/gcc/arm-none-eabi/14.2.1/thumb/v7-m/nofp/libgcc.a(_arm_muldivdf3.o)
                              src/game_state.c.49.o (__aeabi_ddiv)
/home/brittp/.pebble-sdk/SDKs/4.9.148/toolchain/arm-none-eabi/bin/../lib/gcc/arm-none-eabi/14.2.1/thumb/v7-m/nofp/libgcc.a(_arm_cmpdf2.o)
                              src/game_state.c.49.o (__aeabi_dcmplt)
/home/brittp/.pebble-sdk/SDKs/4.9.148/toolchain/arm-none-eabi/bin/../lib/gcc/arm-none-eabi/14.2.1/thumb/v7-m/nofp/libgcc.a(_arm_unorddf2.o)
                              src/math_utils.c.49.o (__aeabi_dcmpun)
/home/brittp/.pebble-sdk/SDKs/4.9.148/toolchain/arm-none-eabi/bin/../lib/gcc/arm-none-eabi/14.2.1/thumb/v7-m/nofp/libgcc.a(_arm_fixdfsi.o)
                              src/game_state.c.49.o (__aeabi_d2iz)
/home/brittp/.pebble-sdk/SDKs/4.9.148/toolchain/arm-none-eabi/bin/../lib/gcc/arm-none-eabi/14.2.1/../../../../arm-none-eabi/lib/thumb/v7-m/nofp/libc.a(libc_a-atexit.o)
                              /home/brittp/.pebble-sdk/SDKs/4.9.148/toolchain/arm-none-eabi/bin/../lib/gcc/arm-none-eabi/14.2.1/../../../../arm-none-eabi/lib/thumb/v7-m/nofp/crt0.o (atexit)
/home/brittp/.pebble-sdk/SDKs/4.9.148/toolchain/arm-none-eabi/bin/../lib/gcc/arm-none-eabi/14.2.1/../../../../arm-none-eabi/lib/thumb/v7-m/nofp/libc.a(libc_a-exit.o)
                              /home/brittp/.pebble-sdk/SDKs/4.9.148/toolchain/arm-none-eabi/bin/../lib/gcc/arm-none-eabi/14.2.1/../../../../arm-none-eabi/lib/thumb/v7-m/nofp/crt0.o (exit)
/home/brittp/.pebble-sdk/SDKs/4.9.148/toolchain/arm-none-eabi/bin/../lib/gcc/arm-none-eabi/14.2.1/../../../../arm-none-eabi/lib/thumb/v7-m/nofp/libc.a(libc_a-findfp.o)
                              /home/brittp/.pebble-sdk/SDKs/4.9.148/toolchain/arm-none-eabi/bin/../lib/gcc/arm-none-eabi/14.2.1/../../../../arm-none-eabi/lib/thumb/v7-m/nofp/libc.a(libc_a-exit.o) (__stdio_exit_handler)
/home/brittp/.pebble-sdk/SDKs/4.9.148/toolchain/arm-none-eabi/bin/../lib/gcc/arm-none-eabi/14.2.1/../../../../arm-none-eabi/lib/thumb/v7-m/nofp/libc.a(libc_a-fwalk.o)
                              /home/brittp/.pebble-sdk/SDKs/4.9.148/toolchain/arm-none-eabi/bin/../lib/gcc/arm-none-eabi/14.2.1/../../../../arm-none-eabi/lib/thumb/v7-m/nofp/libc.a(libc_a-findfp.o) (_fwalk_sglue)
/home/brittp/.pebble-sdk/SDKs/4.9.148/toolchain/arm-none-eabi/bin/../lib/gcc/arm-none-eabi/14.2.1/../../../../arm-none-eabi/lib/thumb/v7-m/nofp/libc.a(libc_a-stdio.o)
                              /home/brittp/.pebble-sdk/SDKs/4.9.148/toolchain/arm-none-eabi/bin/../lib/gcc/arm-none-eabi/14.2.1/../../../../arm-none-eabi/lib/thumb/v7-m/nofp/libc.a(libc_a-findfp.o) (__sread)
/home/brittp/.pebble-sdk/SDKs/4.9.148/toolchain/arm-none-eabi/bin/../lib/gcc/arm-none-eabi/14.2.1/../../../../arm-none-eabi/lib/thumb/v7-m/nofp/libc.a(libc_a-closer.o)
                              /home/brittp/.pebble-sdk/SDKs/4.9.148/toolchain/arm-none-eabi/bin/../lib/gcc/arm-none-eabi/14.2.1/../../../../arm-none-eabi/lib/thumb/v7-m/nofp/libc.a(libc_a-stdio.o) (_close_r)
/home/brittp/.pebble-sdk/SDKs/4.9.148/toolchain/arm-none-eabi/bin/../lib/gcc/arm-none-eabi/14.2.1/../../../../arm-none-eabi/lib/thumb/v7-m/nofp/libc.a(libc_a-reent.o)
                              /home/brittp/.pebble-sdk/SDKs/4.9.148/toolchain/arm-none-eabi/bin/../lib/gcc/arm-none-eabi/14.2.1/../../../../arm-none-eabi/lib/thumb/v7-m/nofp/libc.a(libc_a-closer.o) (errno)
/home/brittp/.pebble-sdk/SDKs/4.9.148/toolchain/arm-none-eabi/bin/../lib/gcc/arm-none-eabi/14.2.1/../../../../arm-none-eabi/lib/thumb/v7-m/nofp/libc.a(libc_a-impure.o)
                              /home/brittp/.pebble-sdk/SDKs/4.9.148/toolchain/arm-none-eabi/bin/../lib/gcc/arm-none-eabi/14.2.1/../../../../arm-none-eabi/lib/thumb/v7-m/nofp/libc.a(libc_a-reent.o) (_impure_ptr)
/home/brittp/.pebble-sdk/SDKs/4.9.148/toolchain/arm-none-eabi/bin/../lib/gcc/arm-none-eabi/14.2.1/../../../../arm-none-eabi/lib/thumb/v7-m/nofp/libc.a(libc_a-lseekr.o)
                              /home/brittp/.pebble-sdk/SDKs/4.9.148/toolchain/arm-none-eabi/bin/../lib/gcc/arm-none-eabi/14.2.1/../../../../arm-none-eabi/lib/thumb/v7-m/nofp/libc.a(libc_a-stdio.o) (_lseek_r)
/home/brittp/.pebble-sdk/SDKs/4.9.148/toolchain/arm-none-eabi/bin/../lib/gcc/arm-none-eabi/14.2.1/../../../../arm-none-eabi/lib/thumb/v7-m/nofp/libc.a(libc_a-readr.o)
[...]
Memory Configuration

Name             Origin             Length             Attributes
APP              0x00000000         0x00006000         xrw
*default*        0x00000000         0xffffffff

Linker script and memory map

LOAD /home/brittp/.pebble-sdk/SDKs/4.9.148/toolchain/arm-none-eabi/bin/../lib/gcc/arm-none-eabi/14.2.1/thumb/v7-m/nofp/crti.o
LOAD /home/brittp/.pebble-sdk/SDKs/4.9.148/toolchain/arm-none-eabi/bin/../lib/gcc/arm-none-eabi/14.2.1/thumb/v7-m/nofp/crtbegin.o
LOAD /home/brittp/.pebble-sdk/SDKs/4.9.148/toolchain/arm-none-eabi/bin/../lib/gcc/arm-none-eabi/14.2.1/../../../../arm-none-eabi/lib/thumb/v7-m/nofp/crt0.o
LOAD src/game_state.c.49.o
LOAD src/main.c.49.o
LOAD src/math_utils.c.49.o
LOAD src/shop_menu.c.49.o
LOAD aplite/appinfo.auto.c.49.o
LOAD aplite/src/resource_ids.auto.c.49.o
LOAD /home/brittp/.pebble-sdk/SDKs/current/sdk-core/pebble/aplite/lib/libpebble.a
START GROUP
LOAD /home/brittp/.pebble-sdk/SDKs/4.9.148/toolchain/arm-none-eabi/bin/../lib/gcc/arm-none-eabi/14.2.1/thumb/v7-m/nofp/libgcc.a
LOAD /home/brittp/.pebble-sdk/SDKs/4.9.148/toolchain/arm-none-eabi/bin/../lib/gcc/arm-none-eabi/14.2.1/../../../../arm-none-eabi/lib/thumb/v7-m/nofp/libc.a
END GROUP
LOAD /home/brittp/.pebble-sdk/SDKs/4.9.148/toolchain/arm-none-eabi/bin/../lib/gcc/arm-none-eabi/14.2.1/thumb/v7-m/nofp/crtend.o
LOAD /home/brittp/.pebble-sdk/SDKs/4.9.148/toolchain/arm-none-eabi/bin/../lib/gcc/arm-none-eabi/14.2.1/thumb/v7-m/nofp/crtn.o

.header         0x00000000       0x82
 *(.pbl_header)
 .pbl_header    0x00000000       0x82 aplite/appinfo.auto.c.49.o
                0x00000000                __pbl_app_info

.note.gnu.build-id
                0x00000082       0x26
                [!provide]                        PROVIDE (BUILD_ID = .)
 *(.note.gnu.build-id)
 *fill*         0x00000082        0x2 
 .note.gnu.build-id
                0x00000084       0x24 linker stubs

.text           0x000000a8     0x3998
 *(.text)
 .text          0x000000a8       0x14 /home/brittp/.pebble-sdk/SDKs/current/sdk-core/pebble/aplite/lib/libpebble.a(tmp7jpKUopebble.o)
 .text          0x000000bc      0x378 /home/brittp/.pebble-sdk/SDKs/4.9.148/toolchain/arm-none-eabi/bin/../lib/gcc/arm-none-eabi/14.2.1/thumb/v7-m/nofp/libgcc.a(_arm_addsubdf3.o)
                0x000000bc                __aeabi_drsub
                0x000000c4                __aeabi_dsub
                0x000000c4                __subdf3
                0x000000c8                __adddf3
                0x000000c8                __aeabi_dadd
                0x00000340                __aeabi_ui2d
                0x00000340                __floatunsidf
                0x00000360                __floatsidf
                0x00000360                __aeabi_i2d
                0x00000384                __extendsfdf2
                0x00000384                __aeabi_f2d
                0x000003c8                __aeabi_ul2d
                0x000003c8                __floatundidf
                0x000003d8                __floatdidf
                0x000003d8                __aeabi_l2d
 .text          0x00000434      0x424 /home/brittp/.pebble-sdk/SDKs/4.9.148/toolchain/arm-none-eabi/bin/../lib/gcc/arm-none-eabi/14.2.1/thumb/v7-m/nofp/libgcc.a(_arm_muldivdf3.o)
                0x00000434                __aeabi_dmul
                0x00000434                __muldf3
                0x00000688                __aeabi_ddiv
                0x00000688                __divdf3
 .text          0x00000858      0x110 /home/brittp/.pebble-sdk/SDKs/4.9.148/toolchain/arm-none-eabi/bin/../lib/gcc/arm-none-eabi/14.2.1/thumb/v7-m/nofp/libgcc.a(_arm_cmpdf2.o)
                0x00000858                __gtdf2
                0x00000858                __gedf2
                0x00000860                __ltdf2
                0x00000860                __ledf2
                0x00000868                __cmpdf2
                0x00000868                __eqdf2
                0x00000868                __nedf2
                0x000008e4                __aeabi_cdrcmple
                0x000008f4                __aeabi_cdcmple
                0x000008f4                __aeabi_cdcmpeq
                0x00000904                __aeabi_dcmpeq
                0x00000918                __aeabi_dcmplt
                0x0000092c                __aeabi_dcmple
                0x00000940                __aeabi_dcmpge
                0x00000954                __aeabi_dcmpgt
 .text          0x00000968       0x2c /home/brittp/.pebble-sdk/SDKs/4.9.148/toolchain/arm-none-eabi/bin/../lib/gcc/arm-none-eabi/14.2.1/thumb/v7-m/nofp/libgcc.a(_arm_unorddf2.o)
                0x00000968                __aeabi_dcmpun
                0x00000968                __unorddf2
 .text          0x00000994       0x50 /home/brittp/.pebble-sdk/SDKs/4.9.148/toolchain/arm-none-eabi/bin/../lib/gcc/arm-none-eabi/14.2.1/thumb/v7-m/nofp/libgcc.a(_arm_fixdfsi.o)
                0x00000994                __fixdfsi
                0x00000994                __aeabi_d2iz
 *(.text.*)
 *fill*         0x000009e4        0x4 
 .text.game_state_update_cache
                0x000009e8      0x108 src/game_state.c.49.o
                0x000009e8                game_state_update_cache
 .text.game_state_init
                0x00000af0       0x38 src/game_state.c.49.o
                0x00000af0                game_state_init
 .text.game_state_calculate_gravity
                0x00000b28        0xa src/game_state.c.49.o
                0x00000b28                game_state_calculate_gravity
 .text.game_state_calculate_tap_strength
                0x00000b32        0xa src/game_state.c.49.o
                0x00000b32                game_state_calculate_tap_strength
 .text.game_state_save
                0x00000b3c       0x4c src/game_state.c.49.o
                0x00000b3c                game_state_save
 .text.game_state_load
                0x00000b88       0x6c src/game_state.c.49.o
                0x00000b88                game_state_load
 .text.game_state_apply_offline_gains
                0x00000bf4       0x90 src/game_state.c.49.o
                0x00000bf4                game_state_apply_offline_gains
 *fill*         0x00000c84        0x4 
 .text.game_state_buy_max
                0x00000c88      0x118 src/game_state.c.49.o
                0x00000c88                game_state_buy_max
 .text.game_state_prestige
                0x00000da0       0x74 src/game_state.c.49.o
                0x00000da0                game_state_prestige
 .text.game_state_get_era
                0x00000e14       0x32 src/game_state.c.49.o
                0x00000e14                game_state_get_era
 *fill*         0x00000e46        0x2 
 .text.main_window_unload
                0x00000e48       0x38 src/main.c.49.o
 .text.canvas_update_proc
                0x00000e80      0x2b8 src/main.c.49.o
 .text.click_config_provider
                0x00001138       0x4c src/main.c.49.o
 .text.open_shop_handler
                0x00001184       0x14 src/main.c.49.o
 .text.select_up_handler
                0x00001198       0x18 src/main.c.49.o
 .text.save_timer_handler
                0x000011b0       0x34 src/main.c.49.o
 .text.update_display
                0x000011e4       0x9c src/main.c.49.o
 .text.tick_handler
                0x00001280       0x68 src/main.c.49.o
 .text.main_window_load
                0x000012e8      0x11c src/main.c.49.o
 *fill*         0x00001404        0x4 
 .text.up_long_click_handler
                0x00001408       0x7c src/main.c.49.o
 .text.focus_handler
                0x00001484       0x24 src/main.c.49.o
 .text.select_down_handler
                0x000014a8       0x70 src/main.c.49.o
 .text.tap_timer_callback
                0x00001518       0x90 src/main.c.49.o
 .text.startup.main
                0x000015a8       0xd4 src/main.c.49.o
                0x000015a8                main
 *fill*         0x0000167c        0x4 
 .text.format_mass
                0x00001680      0x270 src/math_utils.c.49.o
                0x00001680                format_mass
 .text.calculate_cost
                0x000018f0       0x30 src/math_utils.c.49.o
                0x000018f0                calculate_cost
 .text.calculate_milestone_multiplier
                0x00001920       0x1e src/math_utils.c.49.o
                0x00001920                calculate_milestone_multiplier
 .text.calculate_prestige_dust
                0x0000193e       0x2a src/math_utils.c.49.o
                0x0000193e                calculate_prestige_dust
 .text.menu_get_num_rows_callback
                0x00001968        0x4 src/shop_menu.c.49.o
 .text.menu_get_cell_height_callback
                0x0000196c        0x4 src/shop_menu.c.49.o
 .text.shop_window_unload
                0x00001970       0x4c src/shop_menu.c.49.o
 .text.shop_window_load
                0x000019bc      0x168 src/shop_menu.c.49.o
 *fill*         0x00001b24        0x4 
 .text.menu_draw_row_callback
                0x00001b28      0x1d0 src/shop_menu.c.49.o
 .text.menu_select_long_callback
                0x00001cf8       0x4c src/shop_menu.c.49.o
 .text.shop_menu_show
                0x00001d44       0x8c src/shop_menu.c.49.o
                0x00001d44                shop_menu_show
 .text.shop_menu_hide
                0x00001dd0       0x20 src/shop_menu.c.49.o
                0x00001dd0                shop_menu_hide
 .text.menu_select_callback
                0x00001df0       0xe0 src/shop_menu.c.49.o
 .text.app_event_loop
                0x00001ed0        0xc /home/brittp/.pebble-sdk/SDKs/current/sdk-core/pebble/aplite/lib/libpebble.a(tmp7jpKUopebble.o)
                0x00001ed0                app_event_loop
 .text.app_log  0x00001edc        0xc /home/brittp/.pebble-sdk/SDKs/current/sdk-core/pebble/aplite/lib/libpebble.a(tmp7jpKUopebble.o)
                0x00001edc                app_log
 .text.app_timer_cancel
                0x00001ee8        0xc /home/brittp/.pebble-sdk/SDKs/current/sdk-core/pebble/aplite/lib/libpebble.a(tmp7jpKUopebble.o)
                0x00001ee8                app_timer_cancel
 .text.app_timer_register
                0x00001ef4        0xc /home/brittp/.pebble-sdk/SDKs/current/sdk-core/pebble/aplite/lib/libpebble.a(tmp7jpKUopebble.o)
                0x00001ef4                app_timer_register
 .text.fonts_get_system_font
                0x00001f00        0xc /home/brittp/.pebble-sdk/SDKs/current/sdk-core/pebble/aplite/lib/libpebble.a(tmp7jpKUopebble.o)
                0x00001f00                fonts_get_system_font
 .text.graphics_context_set_compositing_mode
                0x00001f0c        0xc /home/brittp/.pebble-sdk/SDKs/current/sdk-core/pebble/aplite/lib/libpebble.a(tmp7jpKUopebble.o)
                0x00001f0c                graphics_context_set_compositing_mode
 .text.graphics_draw_circle
                0x00001f18        0xc /home/brittp/.pebble-sdk/SDKs/current/sdk-core/pebble/aplite/lib/libpebble.a(tmp7jpKUopebble.o)
                0x00001f18                graphics_draw_circle
 .text.graphics_draw_line
                0x00001f24        0xc /home/brittp/.pebble-sdk/SDKs/current/sdk-core/pebble/aplite/lib/libpebble.a(tmp7jpKUopebble.o)
                0x00001f24                graphics_draw_line
 .text.graphics_fill_circle
                0x00001f30        0xc /home/brittp/.pebble-sdk/SDKs/current/sdk-core/pebble/aplite/lib/libpebble.a(tmp7jpKUopebble.o)
                0x00001f30                graphics_fill_circle
 .text.layer_add_child
                0x00001f3c        0xc /home/brittp/.pebble-sdk/SDKs/current/sdk-core/pebble/aplite/lib/libpebble.a(tmp7jpKUopebble.o)
                0x00001f3c                layer_add_child
 .text.layer_create
                0x00001f48        0xc /home/brittp/.pebble-sdk/SDKs/current/sdk-core/pebble/aplite/lib/libpebble.a(tmp7jpKUopebble.o)
                0x00001f48                layer_create
 .text.layer_destroy
                0x00001f54        0xc /home/brittp/.pebble-sdk/SDKs/current/sdk-core/pebble/aplite/lib/libpebble.a(tmp7jpKUopebble.o)
                0x00001f54                layer_destroy
 .text.layer_get_bounds
                0x00001f60        0xc /home/brittp/.pebble-sdk/SDKs/current/sdk-core/pebble/aplite/lib/libpebble.a(tmp7jpKUopebble.o)
                0x00001f60                layer_get_bounds
 .text.layer_mark_dirty
                0x00001f6c        0xc /home/brittp/.pebble-sdk/SDKs/current/sdk-core/pebble/aplite/lib/libpebble.a(tmp7jpKUopebble.o)
                0x00001f6c                layer_mark_dirty
 .text.layer_set_update_proc
                0x00001f78        0xc /home/brittp/.pebble-sdk/SDKs/current/sdk-core/pebble/aplite/lib/libpebble.a(tmp7jpKUopebble.o)
                0x00001f78                layer_set_update_proc
 .text.memset   0x00001f84        0xc /home/brittp/.pebble-sdk/SDKs/current/sdk-core/pebble/aplite/lib/libpebble.a(tmp7jpKUopebble.o)
                0x00001f84                memset
 .text.menu_layer_destroy
                0x00001f90        0xc /home/brittp/.pebble-sdk/SDKs/current/sdk-core/pebble/aplite/lib/libpebble.a(tmp7jpKUopebble.o)
                0x00001f90                menu_layer_destroy
 .text.menu_layer_get_layer
                0x00001f9c        0xc /home/brittp/.pebble-sdk/SDKs/current/sdk-core/pebble/aplite/lib/libpebble.a(tmp7jpKUopebble.o)
                0x00001f9c                menu_layer_get_layer
 .text.menu_layer_reload_data
                0x00001fa8        0xc /home/brittp/.pebble-sdk/SDKs/current/sdk-core/pebble/aplite/lib/libpebble.a(tmp7jpKUopebble.o)
                0x00001fa8                menu_layer_reload_data
 .text.menu_layer_set_click_config_onto_window
                0x00001fb4        0xc /home/brittp/.pebble-sdk/SDKs/current/sdk-core/pebble/aplite/lib/libpebble.a(tmp7jpKUopebble.o)
                0x00001fb4                menu_layer_set_click_config_onto_window
 .text.menu_layer_set_selected_index
                0x00001fc0        0xc /home/brittp/.pebble-sdk/SDKs/current/sdk-core/pebble/aplite/lib/libpebble.a(tmp7jpKUopebble.o)
                0x00001fc0                menu_layer_set_selected_index
 .text.persist_exists
                0x00001fcc        0xc /home/brittp/.pebble-sdk/SDKs/current/sdk-core/pebble/aplite/lib/libpebble.a(tmp7jpKUopebble.o)
                0x00001fcc                persist_exists
 .text.rand     0x00001fd8        0xc /home/brittp/.pebble-sdk/SDKs/current/sdk-core/pebble/aplite/lib/libpebble.a(tmp7jpKUopebble.o)
                0x00001fd8                rand
 .text.snprintf
                0x00001fe4        0xc /home/brittp/.pebble-sdk/SDKs/current/sdk-core/pebble/aplite/lib/libpebble.a(tmp7jpKUopebble.o)
                0x00001fe4                snprintf
 .text.strcpy   0x00001ff0        0xc /home/brittp/.pebble-sdk/SDKs/current/sdk-core/pebble/aplite/lib/libpebble.a(tmp7jpKUopebble.o)
                0x00001ff0                strcpy
 .text.tick_timer_service_subscribe
                0x00001ffc        0xc /home/brittp/.pebble-sdk/SDKs/current/sdk-core/pebble/aplite/lib/libpebble.a(tmp7jpKUopebble.o)
                0x00001ffc                tick_timer_service_subscribe
 .text.tick_timer_service_unsubscribe
                0x00002008        0xc /home/brittp/.pebble-sdk/SDKs/current/sdk-core/pebble/aplite/lib/libpebble.a(tmp7jpKUopebble.o)
                0x00002008                tick_timer_service_unsubscribe
 .text.vibes_double_pulse
                0x00002014        0xc /home/brittp/.pebble-sdk/SDKs/current/sdk-core/pebble/aplite/lib/libpebble.a(tmp7jpKUopebble.o)
                0x00002014                vibes_double_pulse
 .text.vibes_long_pulse
                0x00002020        0xc /home/brittp/.pebble-sdk/SDKs/current/sdk-core/pebble/aplite/lib/libpebble.a(tmp7jpKUopebble.o)
                0x00002020                vibes_long_pulse
 .text.vibes_short_pulse
                0x0000202c        0xc /home/brittp/.pebble-sdk/SDKs/current/sdk-core/pebble/aplite/lib/libpebble.a(tmp7jpKUopebble.o)
                0x0000202c                vibes_short_pulse
 .text.window_create
                0x00002038        0xc /home/brittp/.pebble-sdk/SDKs/current/sdk-core/pebble/aplite/lib/libpebble.a(tmp7jpKUopebble.o)
                0x00002038                window_create
 .text.window_destroy
                0x00002044        0xc /home/brittp/.pebble-sdk/SDKs/current/sdk-core/pebble/aplite/lib/libpebble.a(tmp7jpKUopebble.o)
                0x00002044                window_destroy
 .text.window_get_root_layer
                0x00002050        0xc /home/brittp/.pebble-sdk/SDKs/current/sdk-core/pebble/aplite/lib/libpebble.a(tmp7jpKUopebble.o)
                0x00002050                window_get_root_layer
 .text.window_set_click_config_provider
                0x0000205c        0xc /home/brittp/.pebble-sdk/SDKs/current/sdk-core/pebble/aplite/lib/libpebble.a(tmp7jpKUopebble.o)
                0x0000205c                window_set_click_config_provider
 .text.window_set_window_handlers
                0x00002068        0xc /home/brittp/.pebble-sdk/SDKs/current/sdk-core/pebble/aplite/lib/libpebble.a(tmp7jpKUopebble.o)
                0x00002068                window_set_window_handlers
 .text.window_stack_push
                0x00002074        0xc /home/brittp/.pebble-sdk/SDKs/current/sdk-core/pebble/aplite/lib/libpebble.a(tmp7jpKUopebble.o)
                0x00002074                window_stack_push
 .text.window_stack_remove
                0x00002080        0xc /home/brittp/.pebble-sdk/SDKs/current/sdk-core/pebble/aplite/lib/libpebble.a(tmp7jpKUopebble.o)
                0x00002080                window_stack_remove
 .text.app_focus_service_subscribe
                0x0000208c        0xc /home/brittp/.pebble-sdk/SDKs/current/sdk-core/pebble/aplite/lib/libpebble.a(tmp7jpKUopebble.o)
                0x0000208c                app_focus_service_subscribe
 .text.app_focus_service_unsubscribe
                0x00002098        0xc /home/brittp/.pebble-sdk/SDKs/current/sdk-core/pebble/aplite/lib/libpebble.a(tmp7jpKUopebble.o)
                0x00002098                app_focus_service_unsubscribe
 .text.window_long_click_subscribe
                0x000020a4        0xc /home/brittp/.pebble-sdk/SDKs/current/sdk-core/pebble/aplite/lib/libpebble.a(tmp7jpKUopebble.o)
                0x000020a4                window_long_click_subscribe
 .text.window_raw_click_subscribe
                0x000020b0        0xc /home/brittp/.pebble-sdk/SDKs/current/sdk-core/pebble/aplite/lib/libpebble.a(tmp7jpKUopebble.o)
                0x000020b0                window_raw_click_subscribe
 .text.window_single_click_subscribe
                0x000020bc        0xc /home/brittp/.pebble-sdk/SDKs/current/sdk-core/pebble/aplite/lib/libpebble.a(tmp7jpKUopebble.o)
                0x000020bc                window_single_click_subscribe
 .text.graphics_draw_text
                0x000020c8        0xc /home/brittp/.pebble-sdk/SDKs/current/sdk-core/pebble/aplite/lib/libpebble.a(tmp7jpKUopebble.o)
                0x000020c8                graphics_draw_text
 .text.persist_read_data
                0x000020d4        0xc /home/brittp/.pebble-sdk/SDKs/current/sdk-core/pebble/aplite/lib/libpebble.a(tmp7jpKUopebble.o)
                0x000020d4                persist_read_data
 .text.persist_write_data
                0x000020e0        0xc /home/brittp/.pebble-sdk/SDKs/current/sdk-core/pebble/aplite/lib/libpebble.a(tmp7jpKUopebble.o)
                0x000020e0                persist_write_data
 .text.graphics_context_set_fill_color
                0x000020ec        0xc /home/brittp/.pebble-sdk/SDKs/current/sdk-core/pebble/aplite/lib/libpebble.a(tmp7jpKUopebble.o)
                0x000020ec                graphics_context_set_fill_color
 .text.graphics_context_set_stroke_color
                0x000020f8        0xc /home/brittp/.pebble-sdk/SDKs/current/sdk-core/pebble/aplite/lib/libpebble.a(tmp7jpKUopebble.o)
                0x000020f8                graphics_context_set_stroke_color
 .text.graphics_context_set_text_color
                0x00002104        0xc /home/brittp/.pebble-sdk/SDKs/current/sdk-core/pebble/aplite/lib/libpebble.a(tmp7jpKUopebble.o)
                0x00002104                graphics_context_set_text_color
 .text.window_set_background_color
                0x00002110        0xc /home/brittp/.pebble-sdk/SDKs/current/sdk-core/pebble/aplite/lib/libpebble.a(tmp7jpKUopebble.o)
                0x00002110                window_set_background_color
 .text.menu_layer_create
                0x0000211c        0xc /home/brittp/.pebble-sdk/SDKs/current/sdk-core/pebble/aplite/lib/libpebble.a(tmp7jpKUopebble.o)
                0x0000211c                menu_layer_create
 .text.graphics_context_set_stroke_width
                0x00002128        0xc /home/brittp/.pebble-sdk/SDKs/current/sdk-core/pebble/aplite/lib/libpebble.a(tmp7jpKUopebble.o)
                0x00002128                graphics_context_set_stroke_width
 .text.menu_cell_layer_is_highlighted
                0x00002134        0xc /home/brittp/.pebble-sdk/SDKs/current/sdk-core/pebble/aplite/lib/libpebble.a(tmp7jpKUopebble.o)
                0x00002134                menu_cell_layer_is_highlighted
 .text.text_layer_create
                0x00002140        0xc /home/brittp/.pebble-sdk/SDKs/current/sdk-core/pebble/aplite/lib/libpebble.a(tmp7jpKUopebble.o)
                0x00002140                text_layer_create
 .text.text_layer_destroy
                0x0000214c        0xc /home/brittp/.pebble-sdk/SDKs/current/sdk-core/pebble/aplite/lib/libpebble.a(tmp7jpKUopebble.o)
                0x0000214c                text_layer_destroy
 .text.text_layer_get_layer
                0x00002158        0xc /home/brittp/.pebble-sdk/SDKs/current/sdk-core/pebble/aplite/lib/libpebble.a(tmp7jpKUopebble.o)
                0x00002158                text_layer_get_layer
 .text.text_layer_set_background_color
                0x00002164        0xc /home/brittp/.pebble-sdk/SDKs/current/sdk-core/pebble/aplite/lib/libpebble.a(tmp7jpKUopebble.o)
                0x00002164                text_layer_set_background_color
 .text.text_layer_set_font
                0x00002170        0xc /home/brittp/.pebble-sdk/SDKs/current/sdk-core/pebble/aplite/lib/libpebble.a(tmp7jpKUopebble.o)
                0x00002170                text_layer_set_font
 .text.text_layer_set_text
                0x0000217c        0xc /home/brittp/.pebble-sdk/SDKs/current/sdk-core/pebble/aplite/lib/libpebble.a(tmp7jpKUopebble.o)
                0x0000217c                text_layer_set_text
 .text.text_layer_set_text_alignment
                0x00002188        0xc /home/brittp/.pebble-sdk/SDKs/current/sdk-core/pebble/aplite/lib/libpebble.a(tmp7jpKUopebble.o)
                0x00002188                text_layer_set_text_alignment
 .text.text_layer_set_text_color
                0x00002194        0xc /home/brittp/.pebble-sdk/SDKs/current/sdk-core/pebble/aplite/lib/libpebble.a(tmp7jpKUopebble.o)
                0x00002194                text_layer_set_text_color
 .text.time     0x000021a0        0xc /home/brittp/.pebble-sdk/SDKs/current/sdk-core/pebble/aplite/lib/libpebble.a(tmp7jpKUopebble.o)
                0x000021a0                time
 .text.menu_layer_set_callbacks
                0x000021ac        0xc /home/brittp/.pebble-sdk/SDKs/current/sdk-core/pebble/aplite/lib/libpebble.a(tmp7jpKUopebble.o)
                0x000021ac                menu_layer_set_callbacks
 .text.__errno  0x000021b8        0xc /home/brittp/.pebble-sdk/SDKs/4.9.148/toolchain/arm-none-eabi/bin/../lib/gcc/arm-none-eabi/14.2.1/../../../../arm-none-eabi/lib/thumb/v7-m/nofp/libc.a(libc_a-errno.o)
                0x000021b8                __errno
 .text.log      0x000021c4       0x68 /home/brittp/.pebble-sdk/SDKs/4.9.148/toolchain/arm-none-eabi/bin/../lib/gcc/arm-none-eabi/14.2.1/../../../../arm-none-eabi/lib/thumb/v7-m/nofp/libm.a(libm_a-w_log.o)
                0x000021c4                log
 .text.log10    0x0000222c       0x68 /home/brittp/.pebble-sdk/SDKs/4.9.148/toolchain/arm-none-eabi/bin/../lib/gcc/arm-none-eabi/14.2.1/../../../../arm-none-eabi/lib/thumb/v7-m/nofp/libm.a(libm_a-w_log10.o)
                0x0000222c                log10
 .text.pow      0x00002294       0xdc /home/brittp/.pebble-sdk/SDKs/4.9.148/toolchain/arm-none-eabi/bin/../lib/gcc/arm-none-eabi/14.2.1/../../../../arm-none-eabi/lib/thumb/v7-m/nofp/libm.a(libm_a-w_pow.o)
                0x00002294                pow
 .text.sqrt     0x00002370       0x50 /home/brittp/.pebble-sdk/SDKs/4.9.148/toolchain/arm-none-eabi/bin/../lib/gcc/arm-none-eabi/14.2.1/../../../../arm-none-eabi/lib/thumb/v7-m/nofp/libm.a(libm_a-w_sqrt.o)
                0x00002370                sqrt
 .text.finite   0x000023c0        0xc /home/brittp/.pebble-sdk/SDKs/4.9.148/toolchain/arm-none-eabi/bin/../lib/gcc/arm-none-eabi/14.2.1/../../../../arm-none-eabi/lib/thumb/v7-m/nofp/libm.a(libm_a-s_finite.o)
                0x000023c0                finite
 .text.nan      0x000023cc        0xc /home/brittp/.pebble-sdk/SDKs/4.9.148/toolchain/arm-none-eabi/bin/../lib/gcc/arm-none-eabi/14.2.1/../../../../arm-none-eabi/lib/thumb/v7-m/nofp/libm.a(libm_a-s_nan.o)
                0x000023cc                nan
 .text.__ieee754_sqrt
                0x000023d8      0x1dc /home/brittp/.pebble-sdk/SDKs/4.9.148/toolchain/arm-none-eabi/bin/../lib/gcc/arm-none-eabi/14.2.1/../../../../arm-none-eabi/lib/thumb/v7-m/nofp/libm.a(libm_a-e_sqrt.o)
                0x000023d8                __ieee754_sqrt
 *fill*         0x000025b4        0x4 
 .text.__ieee754_log
                0x000025b8      0x3ac /home/brittp/.pebble-sdk/SDKs/4.9.148/toolchain/arm-none-eabi/bin/../lib/gcc/arm-none-eabi/14.2.1/../../../../arm-none-eabi/lib/thumb/v7-m/nofp/libm.a(libm_a-e_log.o)
                0x000025b8                __ieee754_log
 *fill*         0x00002964        0x4 
 .text.__ieee754_log10
                0x00002968      0x104 /home/brittp/.pebble-sdk/SDKs/4.9.148/toolchain/arm-none-eabi/bin/../lib/gcc/arm-none-eabi/14.2.1/../../../../arm-none-eabi/lib/thumb/v7-m/nofp/libm.a(libm_a-e_log10.o)
                0x00002968                __ieee754_log10
 *fill*         0x00002a6c        0x4 
 .text.__ieee754_pow
                0x00002a70      0xbc8 /home/brittp/.pebble-sdk/SDKs/4.9.148/toolchain/arm-none-eabi/bin/../lib/gcc/arm-none-eabi/14.2.1/../../../../arm-none-eabi/lib/thumb/v7-m/nofp/libm.a(libm_a-e_pow.o)
                0x00002a70                __ieee754_pow
 .text.fabs     0x00003638        0x8 /home/brittp/.pebble-sdk/SDKs/4.9.148/toolchain/arm-none-eabi/bin/../lib/gcc/arm-none-eabi/14.2.1/../../../../arm-none-eabi/lib/thumb/v7-m/nofp/libm.a(libm_a-s_fabs.o)
                0x00003638                fabs
 .text.scalbn   0x00003640       0xfc /home/brittp/.pebble-sdk/SDKs/4.9.148/toolchain/arm-none-eabi/bin/../lib/gcc/arm-none-eabi/14.2.1/../../../../arm-none-eabi/lib/thumb/v7-m/nofp/libm.a(libm_a-s_scalbn.o)
                0x00003640                scalbn
 .text.with_errno
                0x0000373c       0x18 /home/brittp/.pebble-sdk/SDKs/4.9.148/toolchain/arm-none-eabi/bin/../lib/gcc/arm-none-eabi/14.2.1/../../../../arm-none-eabi/lib/thumb/v7-m/nofp/libm.a(libm_a-math_err.o)
 .text.xflow    0x00003754       0x30 /home/brittp/.pebble-sdk/SDKs/4.9.148/toolchain/arm-none-eabi/bin/../lib/gcc/arm-none-eabi/14.2.1/../../../../arm-none-eabi/lib/thumb/v7-m/nofp/libm.a(libm_a-math_err.o)
 .text.__math_uflow
                0x00003784        0xc /home/brittp/.pebble-sdk/SDKs/4.9.148/toolchain/arm-none-eabi/bin/../lib/gcc/arm-none-eabi/14.2.1/../../../../arm-none-eabi/lib/thumb/v7-m/nofp/libm.a(libm_a-math_err.o)
                0x00003784                __math_uflow
 .text.__math_oflow
                0x00003790        0xc /home/brittp/.pebble-sdk/SDKs/4.9.148/toolchain/arm-none-eabi/bin/../lib/gcc/arm-none-eabi/14.2.1/../../../../arm-none-eabi/lib/thumb/v7-m/nofp/libm.a(libm_a-math_err.o)
                0x00003790                __math_oflow
 *(.rodata)
 *(.rodata*)
 .rodata.game_state_save.str1.1
                0x0000379c      0x290 src/game_state.c.49.o
                                 0x37 (size before relaxing)
 .rodata.game_state_load.str1.1
                0x00003a2c       0x44 src/game_state.c.49.o
 .rodata.game_state_apply_offline_gains.str1.1
                0x00003a2c       0x2f src/game_state.c.49.o
 .rodata.str1.1
                0x00003a2c       0x41 src/game_state.c.49.o
 .rodata.canvas_update_proc.str1.1
                0x00003a2c       0x1d src/main.c.49.o
 .rodata.update_display.str1.1
                0x00003a2c        0xb src/main.c.49.o
 .rodata.tick_handler.str1.1
                0x00003a2c       0x1c src/main.c.49.o
 .rodata.main_window_load.str1.1
                0x00003a2c       0x31 src/main.c.49.o
 .rodata.up_long_click_handler.str1.1
                0x00003a2c       0x2a src/main.c.49.o
 .rodata.format_mass.str1.1
                0x00003a2c       0x3e src/math_utils.c.49.o
 .rodata.shop_window_unload.str1.1
                0x00003a2c       0x3e src/shop_menu.c.49.o
 .rodata.shop_window_load.str1.1
                0x00003a2c       0x43 src/shop_menu.c.49.o
 .rodata.menu_draw_row_callback.str1.1
                0x00003a2c       0x67 src/shop_menu.c.49.o
 .rodata.shop_menu_show.str1.1
                0x00003a2c       0x14 src/shop_menu.c.49.o
 .rodata.log.str1.4
                0x00003a2c        0x1 /home/brittp/.pebble-sdk/SDKs/4.9.148/toolchain/arm-none-eabi/bin/../lib/gcc/arm-none-eabi/14.2.1/../../../../arm-none-eabi/lib/thumb/v7-m/nofp/libm.a(libm_a-w_log.o)
 .rodata.log10.str1.4
                0x00003a2d        0x1 /home/brittp/.pebble-sdk/SDKs/4.9.148/toolchain/arm-none-eabi/bin/../lib/gcc/arm-none-eabi/14.2.1/../../../../arm-none-eabi/lib/thumb/v7-m/nofp/libm.a(libm_a-w_log10.o)
 *fill*         0x00003a2d        0x3 
 .rodata.tiny   0x00003a30        0x8 /home/brittp/.pebble-sdk/SDKs/4.9.148/toolchain/arm-none-eabi/bin/../lib/gcc/arm-none-eabi/14.2.1/../../../../arm-none-eabi/lib/thumb/v7-m/nofp/libm.a(libm_a-e_sqrt.o)
 .rodata.one    0x00003a38        0x8 /home/brittp/.pebble-sdk/SDKs/4.9.148/toolchain/arm-none-eabi/bin/../lib/gcc/arm-none-eabi/14.2.1/../../../../arm-none-eabi/lib/thumb/v7-m/nofp/libm.a(libm_a-e_sqrt.o)

.glue_7         0x00003a40        0x0
 .glue_7        0x00003a40        0x0 linker stubs

.glue_7t        0x00003a40        0x0
 .glue_7t       0x00003a40        0x0 linker stubs

.vfp11_veneer   0x00003a40        0x0
 .vfp11_veneer  0x00003a40        0x0 linker stubs

.v4_bx          0x00003a40        0x0
 .v4_bx         0x00003a40        0x0 linker stubs

.init           0x00003a40        0x4
 .init          0x00003a40        0x4 /home/brittp/.pebble-sdk/SDKs/4.9.148/toolchain/arm-none-eabi/bin/../lib/gcc/arm-none-eabi/14.2.1/thumb/v7-m/nofp/crti.o
                0x00003a40                _init

.fini           0x00003a44        0x4
 .fini          0x00003a44        0x4 /home/brittp/.pebble-sdk/SDKs/4.9.148/toolchain/arm-none-eabi/bin/../lib/gcc/arm-none-eabi/14.2.1/thumb/v7-m/nofp/crti.o
                0x00003a44                _fini

.iplt           0x00003a48        0x0
 .iplt          0x00003a48        0x0 src/game_state.c.49.o

.rel.dyn        0x00003a48        0x0
 .rel.iplt      0x00003a48        0x0 src/game_state.c.49.o
 .rel.got       0x00003a48        0x0 src/game_state.c.49.o

.data           0x00003a48      0x220
 *(.data)
 .data          0x00003a48        0x0 /home/brittp/.pebble-sdk/SDKs/4.9.148/toolchain/arm-none-eabi/bin/../lib/gcc/arm-none-eabi/14.2.1/thumb/v7-m/nofp/crti.o
 .data          0x00003a48        0x0 /home/brittp/.pebble-sdk/SDKs/4.9.148/toolchain/arm-none-eabi/bin/../lib/gcc/arm-none-eabi/14.2.1/thumb/v7-m/nofp/crtbegin.o
 .data          0x00003a48        0x0 /home/brittp/.pebble-sdk/SDKs/4.9.148/toolchain/arm-none-eabi/bin/../lib/gcc/arm-none-eabi/14.2.1/../../../../arm-none-eabi/lib/thumb/v7-m/nofp/crt0.o
 .data          0x00003a48        0x0 src/game_state.c.49.o
 .data          0x00003a48        0x0 src/main.c.49.o
 .data          0x00003a48        0x0 src/math_utils.c.49.o
 .data          0x00003a48        0x0 src/shop_menu.c.49.o
 .data          0x00003a48        0x0 aplite/appinfo.auto.c.49.o
 .data          0x00003a48        0x0 aplite/src/resource_ids.auto.c.49.o
 .data          0x00003a48        0x0 /home/brittp/.pebble-sdk/SDKs/current/sdk-core/pebble/aplite/lib/libpebble.a(tmp7jpKUopebble.o)
 .data          0x00003a48        0x0 /home/brittp/.pebble-sdk/SDKs/4.9.148/toolchain/arm-none-eabi/bin/../lib/gcc/arm-none-eabi/14.2.1/thumb/v7-m/nofp/libgcc.a(_arm_muldf3.o)
 .data          0x00003a48        0x0 /home/brittp/.pebble-sdk/SDKs/4.9.148/toolchain/arm-none-eabi/bin/../lib/gcc/arm-none-eabi/14.2.1/thumb/v7-m/nofp/libgcc.a(_arm_addsubdf3.o)
 .data          0x00003a48        0x0 /home/brittp/.pebble-sdk/SDKs/4.9.148/toolchain/arm-none-eabi/bin/../lib/gcc/arm-none-eabi/14.2.1/thumb/v7-m/nofp/libgcc.a(_arm_muldivdf3.o)
 .data          0x00003a48        0x0 /home/brittp/.pebble-sdk/SDKs/4.9.148/toolchain/arm-none-eabi/bin/../lib/gcc/arm-none-eabi/14.2.1/thumb/v7-m/nofp/libgcc.a(_arm_cmpdf2.o)
 .data          0x00003a48        0x0 /home/brittp/.pebble-sdk/SDKs/4.9.148/toolchain/arm-none-eabi/bin/../lib/gcc/arm-none-eabi/14.2.1/thumb/v7-m/nofp/libgcc.a(_arm_unorddf2.o)
 .data          0x00003a48        0x0 /home/brittp/.pebble-sdk/SDKs/4.9.148/toolchain/arm-none-eabi/bin/../lib/gcc/arm-none-eabi/14.2.1/thumb/v7-m/nofp/libgcc.a(_arm_fixdfsi.o)
 .data          0x00003a48        0x0 /home/brittp/.pebble-sdk/SDKs/4.9.148/toolchain/arm-none-eabi/bin/../lib/gcc/arm-none-eabi/14.2.1/../../../../arm-none-eabi/lib/thumb/v7-m/nofp/libc.a(libc_a-atexit.o)
 .data          0x00003a48        0x0 /home/brittp/.pebble-sdk/SDKs/4.9.148/toolchain/arm-none-eabi/bin/../lib/gcc/arm-none-eabi/14.2.1/../../../../arm-none-eabi/lib/thumb/v7-m/nofp/libc.a(libc_a-exit.o)
 .data          0x00003a48        0x0 /home/brittp/.pebble-sdk/SDKs/4.9.148/toolchain/arm-none-eabi/bin/../lib/gcc/arm-none-eabi/14.2.1/../../../../arm-none-eabi/lib/thumb/v7-m/nofp/libc.a(libc_a-findfp.o)
 .data          0x00003a48        0x0 /home/brittp/.pebble-sdk/SDKs/4.9.148/toolchain/arm-none-eabi/bin/../lib/gcc/arm-none-eabi/14.2.1/../../../../arm-none-eabi/lib/thumb/v7-m/nofp/libc.a(libc_a-fwalk.o)
 .data          0x00003a48        0x0 /home/brittp/.pebble-sdk/SDKs/4.9.148/toolchain/arm-none-eabi/bin/../lib/gcc/arm-none-eabi/14.2.1/../../../../arm-none-eabi/lib/thumb/v7-m/nofp/libc.a(libc_a-stdio.o)
 .data          0x00003a48        0x0 /home/brittp/.pebble-sdk/SDKs/4.9.148/toolchain/arm-none-eabi/bin/../lib/gcc/arm-none-eabi/14.2.1/../../../../arm-none-eabi/lib/thumb/v7-m/nofp/libc.a(libc_a-closer.o)
 .data          0x00003a48        0x0 /home/brittp/.pebble-sdk/SDKs/4.9.148/toolchain/arm-none-eabi/bin/../lib/gcc/arm-none-eabi/14.2.1/../../../../arm-none-eabi/lib/thumb/v7-m/nofp/libc.a(libc_a-reent.o)
 .data          0x00003a48        0x0 /home/brittp/.pebble-sdk/SDKs/4.9.148/toolchain/arm-none-eabi/bin/../lib/gcc/arm-none-eabi/14.2.1/../../../../arm-none-eabi/lib/thumb/v7-m/nofp/libc.a(libc_a-impure.o)
 .data          0x00003a48        0x0 /home/brittp/.pebble-sdk/SDKs/4.9.148/toolchain/arm-none-eabi/bin/../lib/gcc/arm-none-eabi/14.2.1/../../../../arm-none-eabi/lib/thumb/v7-m/nofp/libc.a(libc_a-lseekr.o)
 .data          0x00003a48        0x0 /home/brittp/.pebble-sdk/SDKs/4.9.148/toolchain/arm-none-eabi/bin/../lib/gcc/arm-none-eabi/14.2.1/../../../../arm-none-eabi/lib/thumb/v7-m/nofp/libc.a(libc_a-readr.o)
 .data          0x00003a48        0x0 /home/brittp/.pebble-sdk/SDKs/4.9.148/toolchain/arm-none-eabi/bin/../lib/gcc/arm-none-eabi/14.2.1/../../../../arm-none-eabi/lib/thumb/v7-m/nofp/libc.a(libc_a-writer.o)
 .data          0x00003a48        0x0 /home/brittp/.pebble-sdk/SDKs/4.9.148/toolchain/arm-none-eabi/bin/../lib/gcc/arm-none-eabi/14.2.1/../../../../arm-none-eabi/lib/thumb/v7-m/nofp/libc.a(libc_a-init.o)
 .data          0x00003a48        0x0 /home/brittp/.pebble-sdk/SDKs/4.9.148/toolchain/arm-none-eabi/bin/../lib/gcc/arm-none-eabi/14.2.1/../../../../arm-none-eabi/lib/thumb/v7-m/nofp/libc.a(libc_a-fini.o)
 .data          0x00003a48        0x0 /home/brittp/.pebble-sdk/SDKs/4.9.148/toolchain/arm-none-eabi/bin/../lib/gcc/arm-none-eabi/14.2.1/../../../../arm-none-eabi/lib/thumb/v7-m/nofp/libc.a(libc_a-lock.o)
 .data          0x00003a48        0x0 /home/brittp/.pebble-sdk/SDKs/4.9.148/toolchain/arm-none-eabi/bin/../lib/gcc/arm-none-eabi/14.2.1/../../../../arm-none-eabi/lib/thumb/v7-m/nofp/libc.a(libc_a-__atexit.o)
 .data          0x00003a48        0x0 /home/brittp/.pebble-sdk/SDKs/4.9.148/toolchain/arm-none-eabi/bin/../lib/gcc/arm-none-eabi/14.2.1/../../../../arm-none-eabi/lib/thumb/v7-m/nofp/libc.a(libc_a-__call_atexit.o)
 .data          0x00003a48        0x0 /home/brittp/.pebble-sdk/SDKs/4.9.148/toolchain/arm-none-eabi/bin/../lib/gcc/arm-none-eabi/14.2.1/../../../../arm-none-eabi/lib/thumb/v7-m/nofp/libc.a(libc_a-freer.o)
 .data          0x00003a48        0x0 /home/brittp/.pebble-sdk/SDKs/4.9.148/toolchain/arm-none-eabi/bin/../lib/gcc/arm-none-eabi/14.2.1/../../../../arm-none-eabi/lib/thumb/v7-m/nofp/libc.a(libc_a-mallocr.o)
 .data          0x00003a48        0x0 /home/brittp/.pebble-sdk/SDKs/4.9.148/toolchain/arm-none-eabi/bin/../lib/gcc/arm-none-eabi/14.2.1/../../../../arm-none-eabi/lib/thumb/v7-m/nofp/libc.a(libc_a-mlock.o)
 .data          0x00003a48        0x0 /home/brittp/.pebble-sdk/SDKs/4.9.148/toolchain/arm-none-eabi/bin/../lib/gcc/arm-none-eabi/14.2.1/../../../../arm-none-eabi/lib/thumb/v7-m/nofp/libc.a(libc_a-fclose.o)
 .data          0x00003a48        0x0 /home/brittp/.pebble-sdk/SDKs/4.9.148/toolchain/arm-none-eabi/bin/../lib/gcc/arm-none-eabi/14.2.1/../../../../arm-none-eabi/lib/thumb/v7-m/nofp/libc.a(libc_a-fflush.o)
 .data          0x00003a48        0x0 /home/brittp/.pebble-sdk/SDKs/4.9.148/toolchain/arm-none-eabi/bin/../lib/gcc/arm-none-eabi/14.2.1/../../../../arm-none-eabi/lib/thumb/v7-m/nofp/libc.a(libc_a-sbrkr.o)
 .data          0x00003a48        0x0 /home/brittp/.pebble-sdk/SDKs/4.9.148/toolchain/arm-none-eabi/bin/../lib/gcc/arm-none-eabi/14.2.1/../../../../arm-none-eabi/lib/thumb/v7-m/nofp/libc.a(libc_a-sysconf.o)
 .data          0x00003a48        0x0 /home/brittp/.pebble-sdk/SDKs/4.9.148/toolchain/arm-none-eabi/bin/../lib/gcc/arm-none-eabi/14.2.1/../../../../arm-none-eabi/lib/thumb/v7-m/nofp/libc.a(libc_a-errno.o)
 .data          0x00003a48        0x0 /home/brittp/.pebble-sdk/SDKs/4.9.148/toolchain/arm-none-eabi/bin/../lib/gcc/arm-none-eabi/14.2.1/thumb/v7-m/nofp/crtend.o
 .data          0x00003a48        0x0 /home/brittp/.pebble-sdk/SDKs/4.9.148/toolchain/arm-none-eabi/bin/../lib/gcc/arm-none-eabi/14.2.1/thumb/v7-m/nofp/crtn.o
 .data          0x00003a48        0x0 /home/brittp/.pebble-sdk/SDKs/4.9.148/toolchain/arm-none-eabi/bin/../lib/gcc/arm-none-eabi/14.2.1/../../../../arm-none-eabi/lib/thumb/v7-m/nofp/libm.a(libm_a-w_log.o)
 .data          0x00003a48        0x0 /home/brittp/.pebble-sdk/SDKs/4.9.148/toolchain/arm-none-eabi/bin/../lib/gcc/arm-none-eabi/14.2.1/../../../../arm-none-eabi/lib/thumb/v7-m/nofp/libm.a(libm_a-w_log10.o)
 .data          0x00003a48        0x0 /home/brittp/.pebble-sdk/SDKs/4.9.148/toolchain/arm-none-eabi/bin/../lib/gcc/arm-none-eabi/14.2.1/../../../../arm-none-eabi/lib/thumb/v7-m/nofp/libm.a(libm_a-w_pow.o)
 .data          0x00003a48        0x0 /home/brittp/.pebble-sdk/SDKs/4.9.148/toolchain/arm-none-eabi/bin/../lib/gcc/arm-none-eabi/14.2.1/../../../../arm-none-eabi/lib/thumb/v7-m/nofp/libm.a(libm_a-w_sqrt.o)
 .data          0x00003a48        0x0 /home/brittp/.pebble-sdk/SDKs/4.9.148/toolchain/arm-none-eabi/bin/../lib/gcc/arm-none-eabi/14.2.1/../../../../arm-none-eabi/lib/thumb/v7-m/nofp/libm.a(libm_a-s_finite.o)
 .data          0x00003a48        0x0 /home/brittp/.pebble-sdk/SDKs/4.9.148/toolchain/arm-none-eabi/bin/../lib/gcc/arm-none-eabi/14.2.1/../../../../arm-none-eabi/lib/thumb/v7-m/nofp/libm.a(libm_a-s_nan.o)
 .data          0x00003a48        0x0 /home/brittp/.pebble-sdk/SDKs/4.9.148/toolchain/arm-none-eabi/bin/../lib/gcc/arm-none-eabi/14.2.1/../../../../arm-none-eabi/lib/thumb/v7-m/nofp/libm.a(libm_a-e_sqrt.o)
 .data          0x00003a48        0x0 /home/brittp/.pebble-sdk/SDKs/4.9.148/toolchain/arm-none-eabi/bin/../lib/gcc/arm-none-eabi/14.2.1/../../../../arm-none-eabi/lib/thumb/v7-m/nofp/libm.a(libm_a-e_log.o)
 .data          0x00003a48        0x0 /home/brittp/.pebble-sdk/SDKs/4.9.148/toolchain/arm-none-eabi/bin/../lib/gcc/arm-none-eabi/14.2.1/../../../../arm-none-eabi/lib/thumb/v7-m/nofp/libm.a(libm_a-e_log10.o)
 .data          0x00003a48        0x0 /home/brittp/.pebble-sdk/SDKs/4.9.148/toolchain/arm-none-eabi/bin/../lib/gcc/arm-none-eabi/14.2.1/../../../../arm-none-eabi/lib/thumb/v7-m/nofp/libm.a(libm_a-e_pow.o)
 .data          0x00003a48        0x0 /home/brittp/.pebble-sdk/SDKs/4.9.148/toolchain/arm-none-eabi/bin/../lib/gcc/arm-none-eabi/14.2.1/../../../../arm-none-eabi/lib/thumb/v7-m/nofp/libm.a(libm_a-s_fabs.o)
 .data          0x00003a48        0x0 /home/brittp/.pebble-sdk/SDKs/4.9.148/toolchain/arm-none-eabi/bin/../lib/gcc/arm-none-eabi/14.2.1/../../../../arm-none-eabi/lib/thumb/v7-m/nofp/libm.a(libm_a-s_scalbn.o)
 .data          0x00003a48        0x0 /home/brittp/.pebble-sdk/SDKs/4.9.148/toolchain/arm-none-eabi/bin/../lib/gcc/arm-none-eabi/14.2.1/../../../../arm-none-eabi/lib/thumb/v7-m/nofp/libm.a(libm_a-math_err.o)
 *(.data.*)
 .data.rel.ro.local.TIERS
                0x00003a48       0xd8 src/game_state.c.49.o
                0x00003a48                TIERS
 .data.s_app_has_focus
                0x00003b20        0x1 src/main.c.49.o
 *fill*         0x00003b21        0x3 
 .data._impure_ptr
                0x00003b24        0x4 /home/brittp/.pebble-sdk/SDKs/4.9.148/toolchain/arm-none-eabi/bin/../lib/gcc/arm-none-eabi/14.2.1/../../../../arm-none-eabi/lib/thumb/v7-m/nofp/libc.a(libc_a-impure.o)
                0x00003b24                _impure_ptr
 .data._impure_data
                0x00003b28      0x140 /home/brittp/.pebble-sdk/SDKs/4.9.148/toolchain/arm-none-eabi/bin/../lib/gcc/arm-none-eabi/14.2.1/../../../../arm-none-eabi/lib/thumb/v7-m/nofp/libc.a(libc_a-impure.o)
                0x00003b28                _impure_data

.igot.plt       0x00003c68        0x0
 .igot.plt      0x00003c68        0x0 src/game_state.c.49.o

.got            0x00003c68        0x4
 .got           0x00003c68        0x4 src/game_state.c.49.o

.got.plt        0x00003c6c        0xc
 .got.plt       0x00003c6c        0xc src/game_state.c.49.o
                0x00003c6c                _GLOBAL_OFFSET_TABLE_

.bss            0x00003c78      0x238
 *(.bss)
 *(.bss.*)
 .bss.s_gravity_buffer.0
                0x00003c78       0x40 src/main.c.49.o
 .bss.s_mass_buffer.1
                0x00003cb8       0x40 src/main.c.49.o
 .bss.s_taps_since_last_tick
                0x00003cf8        0x4 src/main.c.49.o
 .bss.s_is_app_exiting
                0x00003cfc        0x1 src/main.c.49.o
 *fill*         0x00003cfd        0x3 
 .bss.s_hold_time_ms
                0x00003d00        0x4 src/main.c.49.o
 .bss.s_tap_timer
                0x00003d04        0x4 src/main.c.49.o
 .bss.s_state   0x00003d08       0x50 src/main.c.49.o
 .bss.s_canvas_layer
                0x00003d58        0x4 src/main.c.49.o
 .bss.s_gravity_layer
                0x00003d5c        0x4 src/main.c.49.o
 .bss.s_mass_layer
                0x00003d60        0x4 src/main.c.49.o
 .bss.s_main_window
                0x00003d64        0x4 src/main.c.49.o
 .bss.s_callback
                0x00003d68        0x4 src/shop_menu.c.49.o
 .bss.s_game_state
                0x00003d6c        0x4 src/shop_menu.c.49.o
 .bss.s_menu_layer
                0x00003d70        0x4 src/shop_menu.c.49.o
 .bss.s_shop_window
                0x00003d74        0x4 src/shop_menu.c.49.o
 .bss.__sf      0x00003d78      0x138 /home/brittp/.pebble-sdk/SDKs/4.9.148/toolchain/arm-none-eabi/bin/../lib/gcc/arm-none-eabi/14.2.1/../../../../arm-none-eabi/lib/thumb/v7-m/nofp/libc.a(libc_a-findfp.o)
                0x00003d78                __sf

DISCARD         0x00000000      0x283
 libc.a(*)
 libm.a(*)
 .comment       0x00000000       0x3a /home/brittp/.pebble-sdk/SDKs/4.9.148/toolchain/arm-none-eabi/bin/../lib/gcc/arm-none-eabi/14.2.1/../../../../arm-none-eabi/lib/thumb/v7-m/nofp/libm.a(libm_a-w_log.o)
                                 0x3b (size before relaxing)
 .ARM.attributes
                0x0000003a       0x2d /home/brittp/.pebble-sdk/SDKs/4.9.148/toolchain/arm-none-eabi/bin/../lib/gcc/arm-none-eabi/14.2.1/../../../../arm-none-eabi/lib/thumb/v7-m/nofp/libm.a(libm_a-w_log.o)
 .comment       0x00000067       0x3b /home/brittp/.pebble-sdk/SDKs/4.9.148/toolchain/arm-none-eabi/bin/../lib/gcc/arm-none-eabi/14.2.1/../../../../arm-none-eabi/lib/thumb/v7-m/nofp/libm.a(libm_a-w_log10.o)
 .ARM.attributes
                0x00000067       0x2d /home/brittp/.pebble-sdk/SDKs/4.9.148/toolchain/arm-none-eabi/bin/../lib/gcc/arm-none-eabi/14.2.1/../../../../arm-none-eabi/lib/thumb/v7-m/nofp/libm.a(libm_a-w_log10.o)
 .comment       0x00000094       0x3b /home/brittp/.pebble-sdk/SDKs/4.9.148/toolchain/arm-none-eabi/bin/../lib/gcc/arm-none-eabi/14.2.1/../../../../arm-none-eabi/lib/thumb/v7-m/nofp/libm.a(libm_a-w_pow.o)
 .ARM.attributes
                0x00000094       0x2d /home/brittp/.pebble-sdk/SDKs/4.9.148/toolchain/arm-none-eabi/bin/../lib/gcc/arm-none-eabi/14.2.1/../../../../arm-none-eabi/lib/thumb/v7-m/nofp/libm.a(libm_a-w_pow.o)
 .comment       0x000000c1       0x3b /home/brittp/.pebble-sdk/SDKs/4.9.148/toolchain/arm-none-eabi/bin/../lib/gcc/arm-none-eabi/14.2.1/../../../../arm-none-eabi/lib/thumb/v7-m/nofp/libm.a(libm_a-w_sqrt.o)
 .ARM.attributes
                0x000000c1       0x2d /home/brittp/.pebble-sdk/SDKs/4.9.148/toolchain/arm-none-eabi/bin/../lib/gcc/arm-none-eabi/14.2.1/../../../../arm-none-eabi/lib/thumb/v7-m/nofp/libm.a(libm_a-w_sqrt.o)
 .comment       0x000000ee       0x3b /home/brittp/.pebble-sdk/SDKs/4.9.148/toolchain/arm-none-eabi/bin/../lib/gcc/arm-none-eabi/14.2.1/../../../../arm-none-eabi/lib/thumb/v7-m/nofp/libm.a(libm_a-s_finite.o)
 .ARM.attributes
                0x000000ee       0x2d /home/brittp/.pebble-sdk/SDKs/4.9.148/toolchain/arm-none-eabi/bin/../lib/gcc/arm-none-eabi/14.2.1/../../../../arm-none-eabi/lib/thumb/v7-m/nofp/libm.a(libm_a-s_finite.o)
 .comment       0x0000011b       0x3b /home/brittp/.pebble-sdk/SDKs/4.9.148/toolchain/arm-none-eabi/bin/../lib/gcc/arm-none-eabi/14.2.1/../../../../arm-none-eabi/lib/thumb/v7-m/nofp/libm.a(libm_a-s_nan.o)
 .ARM.attributes
                0x0000011b       0x2d /home/brittp/.pebble-sdk/SDKs/4.9.148/toolchain/arm-none-eabi/bin/../lib/gcc/arm-none-eabi/14.2.1/../../../../arm-none-eabi/lib/thumb/v7-m/nofp/libm.a(libm_a-s_nan.o)
 .comment       0x00000148       0x3b /home/brittp/.pebble-sdk/SDKs/4.9.148/toolchain/arm-none-eabi/bin/../lib/gcc/arm-none-eabi/14.2.1/../../../../arm-none-eabi/lib/thumb/v7-m/nofp/libm.a(libm_a-e_sqrt.o)
 .ARM.attributes
                0x00000148       0x2d /home/brittp/.pebble-sdk/SDKs/4.9.148/toolchain/arm-none-eabi/bin/../lib/gcc/arm-none-eabi/14.2.1/../../../../arm-none-eabi/lib/thumb/v7-m/nofp/libm.a(libm_a-e_sqrt.o)
 .comment       0x00000175       0x3b /home/brittp/.pebble-sdk/SDKs/4.9.148/toolchain/arm-none-eabi/bin/../lib/gcc/arm-none-eabi/14.2.1/../../../../arm-none-eabi/lib/thumb/v7-m/nofp/libm.a(libm_a-e_log.o)
 .ARM.attributes
                0x00000175       0x2d /home/brittp/.pebble-sdk/SDKs/4.9.148/toolchain/arm-none-eabi/bin/../lib/gcc/arm-none-eabi/14.2.1/../../../../arm-none-eabi/lib/thumb/v7-m/nofp/libm.a(libm_a-e_log.o)
 .comment       0x000001a2       0x3b /home/brittp/.pebble-sdk/SDKs/4.9.148/toolchain/arm-none-eabi/bin/../lib/gcc/arm-none-eabi/14.2.1/../../../../arm-none-eabi/lib/thumb/v7-m/nofp/libm.a(libm_a-e_log10.o)
 .ARM.attributes
                0x000001a2       0x2d /home/brittp/.pebble-sdk/SDKs/4.9.148/toolchain/arm-none-eabi/bin/../lib/gcc/arm-none-eabi/14.2.1/../../../../arm-none-eabi/lib/thumb/v7-m/nofp/libm.a(libm_a-e_log10.o)
 .comment       0x000001cf       0x3b /home/brittp/.pebble-sdk/SDKs/4.9.148/toolchain/arm-none-eabi/bin/../lib/gcc/arm-none-eabi/14.2.1/../../../../arm-none-eabi/lib/thumb/v7-m/nofp/libm.a(libm_a-e_pow.o)
 .ARM.attributes
                0x000001cf       0x2d /home/brittp/.pebble-sdk/SDKs/4.9.148/toolchain/arm-none-eabi/bin/../lib/gcc/arm-none-eabi/14.2.1/../../../../arm-none-eabi/lib/thumb/v7-m/nofp/libm.a(libm_a-e_pow.o)
 .comment       0x000001fc       0x3b /home/brittp/.pebble-sdk/SDKs/4.9.148/toolchain/arm-none-eabi/bin/../lib/gcc/arm-none-eabi/14.2.1/../../../../arm-none-eabi/lib/thumb/v7-m/nofp/libm.a(libm_a-s_fabs.o)
 .ARM.attributes
                0x000001fc       0x2d /home/brittp/.pebble-sdk/SDKs/4.9.148/toolchain/arm-none-eabi/bin/../lib/gcc/arm-none-eabi/14.2.1/../../../../arm-none-eabi/lib/thumb/v7-m/nofp/libm.a(libm_a-s_fabs.o)
 .comment       0x00000229       0x3b /home/brittp/.pebble-sdk/SDKs/4.9.148/toolchain/arm-none-eabi/bin/../lib/gcc/arm-none-eabi/14.2.1/../../../../arm-none-eabi/lib/thumb/v7-m/nofp/libm.a(libm_a-s_scalbn.o)
 .ARM.attributes
                0x00000229       0x2d /home/brittp/.pebble-sdk/SDKs/4.9.148/toolchain/arm-none-eabi/bin/../lib/gcc/arm-none-eabi/14.2.1/../../../../arm-none-eabi/lib/thumb/v7-m/nofp/libm.a(libm_a-s_scalbn.o)
 .comment       0x00000256       0x3b /home/brittp/.pebble-sdk/SDKs/4.9.148/toolchain/arm-none-eabi/bin/../lib/gcc/arm-none-eabi/14.2.1/../../../../arm-none-eabi/lib/thumb/v7-m/nofp/libm.a(libm_a-math_err.o)
 .ARM.attributes
                0x00000256       0x2d /home/brittp/.pebble-sdk/SDKs/4.9.148/toolchain/arm-none-eabi/bin/../lib/gcc/arm-none-eabi/14.2.1/../../../../arm-none-eabi/lib/thumb/v7-m/nofp/libm.a(libm_a-math_err.o)
 libgcc.a(*)
 *(.eh_frame)
OUTPUT(/home/brittp/Singularity/build/aplite/pebble-app.elf elf32-littlearm)
LOAD linker stubs
LOAD /home/brittp/.pebble-sdk/SDKs/4.9.148/toolchain/arm-none-eabi/bin/../lib/gcc/arm-none-eabi/14.2.1/../../../../arm-none-eabi/lib/thumb/v7-m/nofp/libc.a
LOAD /home/brittp/.pebble-sdk/SDKs/4.9.148/toolchain/arm-none-eabi/bin/../lib/gcc/arm-none-eabi/14.2.1/../../../../arm-none-eabi/lib/thumb/v7-m/nofp/libm.a
LOAD /home/brittp/.pebble-sdk/SDKs/4.9.148/toolchain/arm-none-eabi/bin/../lib/gcc/arm-none-eabi/14.2.1/thumb/v7-m/nofp/libgcc.a

.ARM.attributes
                0x00000000       0x29
 .ARM.attributes
                0x00000000       0x1d /home/brittp/.pebble-sdk/SDKs/4.9.148/toolchain/arm-none-eabi/bin/../lib/gcc/arm-none-eabi/14.2.1/thumb/v7-m/nofp/crti.o
 .ARM.attributes
                0x0000001d       0x2d /home/brittp/.pebble-sdk/SDKs/4.9.148/toolchain/arm-none-eabi/bin/../lib/gcc/arm-none-eabi/14.2.1/thumb/v7-m/nofp/crtbegin.o
 .ARM.attributes
                0x0000004a       0x1b /home/brittp/.pebble-sdk/SDKs/4.9.148/toolchain/arm-none-eabi/bin/../lib/gcc/arm-none-eabi/14.2.1/../../../../arm-none-eabi/lib/thumb/v7-m/nofp/crt0.o
 .ARM.attributes
                0x00000065       0x2d src/game_state.c.49.o
 .ARM.attributes
                0x00000092       0x2d src/main.c.49.o
 .ARM.attributes
                0x000000bf       0x2d src/math_utils.c.49.o
 .ARM.attributes
                0x000000ec       0x2d src/shop_menu.c.49.o
 .ARM.attributes
                0x00000119       0x2d aplite/appinfo.auto.c.49.o
 .ARM.attributes
                0x00000146       0x2d aplite/src/resource_ids.auto.c.49.o
 .ARM.attributes
                0x00000173       0x21 /home/brittp/.pebble-sdk/SDKs/current/sdk-core/pebble/aplite/lib/libpebble.a(tmp7jpKUopebble.o)
 .ARM.attributes
                0x00000194       0x1d /home/brittp/.pebble-sdk/SDKs/4.9.148/toolchain/arm-none-eabi/bin/../lib/gcc/arm-none-eabi/14.2.1/thumb/v7-m/nofp/libgcc.a(_arm_muldf3.o)
 .ARM.attributes
                0x000001b1       0x1d /home/brittp/.pebble-sdk/SDKs/4.9.148/toolchain/arm-none-eabi/bin/../lib/gcc/arm-none-eabi/14.2.1/thumb/v7-m/nofp/libgcc.a(_arm_addsubdf3.o)
 .ARM.attributes
                0x000001ce       0x1d /home/brittp/.pebble-sdk/SDKs/4.9.148/toolchain/arm-none-eabi/bin/../lib/gcc/arm-none-eabi/14.2.1/thumb/v7-m/nofp/libgcc.a(_arm_muldivdf3.o)
 .ARM.attributes
                0x000001eb       0x1d /home/brittp/.pebble-sdk/SDKs/4.9.148/toolchain/arm-none-eabi/bin/../lib/gcc/arm-none-eabi/14.2.1/thumb/v7-m/nofp/libgcc.a(_arm_cmpdf2.o)
 .ARM.attributes
                0x00000208       0x1d /home/brittp/.pebble-sdk/SDKs/4.9.148/toolchain/arm-none-eabi/bin/../lib/gcc/arm-none-eabi/14.2.1/thumb/v7-m/nofp/libgcc.a(_arm_unorddf2.o)
 .ARM.attributes
                0x00000225       0x1d /home/brittp/.pebble-sdk/SDKs/4.9.148/toolchain/arm-none-eabi/bin/../lib/gcc/arm-none-eabi/14.2.1/thumb/v7-m/nofp/libgcc.a(_arm_fixdfsi.o)
 .ARM.attributes
                0x00000242       0x2d /home/brittp/.pebble-sdk/SDKs/4.9.148/toolchain/arm-none-eabi/bin/../lib/gcc/arm-none-eabi/14.2.1/../../../../arm-none-eabi/lib/thumb/v7-m/nofp/libc.a(libc_a-atexit.o)
 .ARM.attributes
                0x0000026f       0x2d /home/brittp/.pebble-sdk/SDKs/4.9.148/toolchain/arm-none-eabi/bin/../lib/gcc/arm-none-eabi/14.2.1/../../../../arm-none-eabi/lib/thumb/v7-m/nofp/libc.a(libc_a-exit.o)
 .ARM.attributes
                0x0000029c       0x2d /home/brittp/.pebble-sdk/SDKs/4.9.148/toolchain/arm-none-eabi/bin/../lib/gcc/arm-none-eabi/14.2.1/../../../../arm-none-eabi/lib/thumb/v7-m/nofp/libc.a(libc_a-findfp.o)
 .ARM.attributes
                0x000002c9       0x2d /home/brittp/.pebble-sdk/SDKs/4.9.148/toolchain/arm-none-eabi/bin/../lib/gcc/arm-none-eabi/14.2.1/../../../../arm-none-eabi/lib/thumb/v7-m/nofp/libc.a(libc_a-fwalk.o)
 .ARM.attributes
                0x000002f6       0x2d /home/brittp/.pebble-sdk/SDKs/4.9.148/toolchain/arm-none-eabi/bin/../lib/gcc/arm-none-eabi/14.2.1/../../../../arm-none-eabi/lib/thumb/v7-m/nofp/libc.a(libc_a-stdio.o)
 .ARM.attributes
                0x00000323       0x2d /home/brittp/.pebble-sdk/SDKs/4.9.148/toolchain/arm-none-eabi/bin/../lib/gcc/arm-none-eabi/14.2.1/../../../../arm-none-eabi/lib/thumb/v7-m/nofp/libc.a(libc_a-closer.o)
 .ARM.attributes
                0x00000350       0x2d /home/brittp/.pebble-sdk/SDKs/4.9.148/toolchain/arm-none-eabi/bin/../lib/gcc/arm-none-eabi/14.2.1/../../../../arm-none-eabi/lib/thumb/v7-m/nofp/libc.a(libc_a-reent.o)
 .ARM.attributes
                0x0000037d       0x2d /home/brittp/.pebble-sdk/SDKs/4.9.148/toolchain/arm-none-eabi/bin/../lib/gcc/arm-none-eabi/14.2.1/../../../../arm-none-eabi/lib/thumb/v7-m/nofp/libc.a(libc_a-impure.o)
 .ARM.attributes
                0x000003aa       0x2d /home/brittp/.pebble-sdk/SDKs/4.9.148/toolchain/arm-none-eabi/bin/../lib/gcc/arm-none-eabi/14.2.1/../../../../arm-none-eabi/lib/thumb/v7-m/nofp/libc.a(libc_a-lseekr.o)
 .ARM.attributes
                0x000003d7       0x2d /home/brittp/.pebble-sdk/SDKs/4.9.148/toolchain/arm-none-eabi/bin/../lib/gcc/arm-none-eabi/14.2.1/../../../../arm-none-eabi/lib/thumb/v7-m/nofp/libc.a(libc_a-readr.o)
 .ARM.attributes
                0x00000404       0x2d /home/brittp/.pebble-sdk/SDKs/4.9.148/toolchain/arm-none-eabi/bin/../lib/gcc/arm-none-eabi/14.2.1/../../../../arm-none-eabi/lib/thumb/v7-m/nofp/libc.a(libc_a-writer.o)
 .ARM.attributes
                0x00000431       0x2d /home/brittp/.pebble-sdk/SDKs/4.9.148/toolchain/arm-none-eabi/bin/../lib/gcc/arm-none-eabi/14.2.1/../../../../arm-none-eabi/lib/thumb/v7-m/nofp/libc.a(libc_a-init.o)
 .ARM.attributes
                0x0000045e       0x2d /home/brittp/.pebble-sdk/SDKs/4.9.148/toolchain/arm-none-eabi/bin/../lib/gcc/arm-none-eabi/14.2.1/../../../../arm-none-eabi/lib/thumb/v7-m/nofp/libc.a(libc_a-fini.o)
 .ARM.attributes
                0x0000048b       0x2d /home/brittp/.pebble-sdk/SDKs/4.9.148/toolchain/arm-none-eabi/bin/../lib/gcc/arm-none-eabi/14.2.1/../../../../arm-none-eabi/lib/thumb/v7-m/nofp/libc.a(libc_a-lock.o)
 .ARM.attributes
                0x000004b8       0x2d /home/brittp/.pebble-sdk/SDKs/4.9.148/toolchain/arm-none-eabi/bin/../lib/gcc/arm-none-eabi/14.2.1/../../../../arm-none-eabi/lib/thumb/v7-m/nofp/libc.a(libc_a-__atexit.o)
 .ARM.attributes
                0x000004e5       0x2d /home/brittp/.pebble-sdk/SDKs/4.9.148/toolchain/arm-none-eabi/bin/../lib/gcc/arm-none-eabi/14.2.1/../../../../arm-none-eabi/lib/thumb/v7-m/nofp/libc.a(libc_a-__call_atexit.o)
 .ARM.attributes
                0x00000512       0x2d /home/brittp/.pebble-sdk/SDKs/4.9.148/toolchain/arm-none-eabi/bin/../lib/gcc/arm-none-eabi/14.2.1/../../../../arm-none-eabi/lib/thumb/v7-m/nofp/libc.a(libc_a-freer.o)
 .ARM.attributes
                0x0000053f       0x2d /home/brittp/.pebble-sdk/SDKs/4.9.148/toolchain/arm-none-eabi/bin/../lib/gcc/arm-none-eabi/14.2.1/../../../../arm-none-eabi/lib/thumb/v7-m/nofp/libc.a(libc_a-mallocr.o)
 .ARM.attributes
                0x0000056c       0x2d /home/brittp/.pebble-sdk/SDKs/4.9.148/toolchain/arm-none-eabi/bin/../lib/gcc/arm-none-eabi/14.2.1/../../../../arm-none-eabi/lib/thumb/v7-m/nofp/libc.a(libc_a-mlock.o)
 .ARM.attributes
                0x00000599       0x2d /home/brittp/.pebble-sdk/SDKs/4.9.148/toolchain/arm-none-eabi/bin/../lib/gcc/arm-none-eabi/14.2.1/../../../../arm-none-eabi/lib/thumb/v7-m/nofp/libc.a(libc_a-fclose.o)
 .ARM.attributes
                0x000005c6       0x2d /home/brittp/.pebble-sdk/SDKs/4.9.148/toolchain/arm-none-eabi/bin/../lib/gcc/arm-none-eabi/14.2.1/../../../../arm-none-eabi/lib/thumb/v7-m/nofp/libc.a(libc_a-fflush.o)
 .ARM.attributes
                0x000005f3       0x2d /home/brittp/.pebble-sdk/SDKs/4.9.148/toolchain/arm-none-eabi/bin/../lib/gcc/arm-none-eabi/14.2.1/../../../../arm-none-eabi/lib/thumb/v7-m/nofp/libc.a(libc_a-sbrkr.o)
 .ARM.attributes
                0x00000620       0x2d /home/brittp/.pebble-sdk/SDKs/4.9.148/toolchain/arm-none-eabi/bin/../lib/gcc/arm-none-eabi/14.2.1/../../../../arm-none-eabi/lib/thumb/v7-m/nofp/libc.a(libc_a-sysconf.o)
 .ARM.attributes
                0x0000064d       0x2d /home/brittp/.pebble-sdk/SDKs/4.9.148/toolchain/arm-none-eabi/bin/../lib/gcc/arm-none-eabi/14.2.1/../../../../arm-none-eabi/lib/thumb/v7-m/nofp/libc.a(libc_a-errno.o)
 .ARM.attributes
                0x0000067a       0x2d /home/brittp/.pebble-sdk/SDKs/4.9.148/toolchain/arm-none-eabi/bin/../lib/gcc/arm-none-eabi/14.2.1/thumb/v7-m/nofp/crtend.o
 .ARM.attributes
                0x000006a7       0x1d /home/brittp/.pebble-sdk/SDKs/4.9.148/toolchain/arm-none-eabi/bin/../lib/gcc/arm-none-eabi/14.2.1/thumb/v7-m/nofp/crtn.o

.comment        0x00000000       0x3a
 .comment       0x00000000       0x3a /home/brittp/.pebble-sdk/SDKs/4.9.148/toolchain/arm-none-eabi/bin/../lib/gcc/arm-none-eabi/14.2.1/thumb/v7-m/nofp/crtbegin.o
                                 0x3b (size before relaxing)
 .comment       0x0000003a       0x3b src/game_state.c.49.o
 .comment       0x0000003a       0x3b src/main.c.49.o
 .comment       0x0000003a       0x3b src/math_utils.c.49.o
 .comment       0x0000003a       0x3b src/shop_menu.c.49.o
 .comment       0x0000003a       0x3b aplite/appinfo.auto.c.49.o
 .comment       0x0000003a       0x3b aplite/src/resource_ids.auto.c.49.o
 .comment       0x0000003a       0x3b /home/brittp/.pebble-sdk/SDKs/4.9.148/toolchain/arm-none-eabi/bin/../lib/gcc/arm-none-eabi/14.2.1/../../../../arm-none-eabi/lib/thumb/v7-m/nofp/libc.a(libc_a-atexit.o)
 .comment       0x0000003a       0x3b /home/brittp/.pebble-sdk/SDKs/4.9.148/toolchain/arm-none-eabi/bin/../lib/gcc/arm-none-eabi/14.2.1/../../../../arm-none-eabi/lib/thumb/v7-m/nofp/libc.a(libc_a-exit.o)
 .comment       0x0000003a       0x3b /home/brittp/.pebble-sdk/SDKs/4.9.148/toolchain/arm-none-eabi/bin/../lib/gcc/arm-none-eabi/14.2.1/../../../../arm-none-eabi/lib/thumb/v7-m/nofp/libc.a(libc_a-findfp.o)
 .comment       0x0000003a       0x3b /home/brittp/.pebble-sdk/SDKs/4.9.148/toolchain/arm-none-eabi/bin/../lib/gcc/arm-none-eabi/14.2.1/../../../../arm-none-eabi/lib/thumb/v7-m/nofp/libc.a(libc_a-fwalk.o)
 .comment       0x0000003a       0x3b /home/brittp/.pebble-sdk/SDKs/4.9.148/toolchain/arm-none-eabi/bin/../lib/gcc/arm-none-eabi/14.2.1/../../../../arm-none-eabi/lib/thumb/v7-m/nofp/libc.a(libc_a-stdio.o)
 .comment       0x0000003a       0x3b /home/brittp/.pebble-sdk/SDKs/4.9.148/toolchain/arm-none-eabi/bin/../lib/gcc/arm-none-eabi/14.2.1/../../../../arm-none-eabi/lib/thumb/v7-m/nofp/libc.a(libc_a-closer.o)
 .comment       0x0000003a       0x3b /home/brittp/.pebble-sdk/SDKs/4.9.148/toolchain/arm-none-eabi/bin/../lib/gcc/arm-none-eabi/14.2.1/../../../../arm-none-eabi/lib/thumb/v7-m/nofp/libc.a(libc_a-reent.o)
 .comment       0x0000003a       0x3b /home/brittp/.pebble-sdk/SDKs/4.9.148/toolchain/arm-none-eabi/bin/../lib/gcc/arm-none-eabi/14.2.1/../../../../arm-none-eabi/lib/thumb/v7-m/nofp/libc.a(libc_a-impure.o)
 .comment       0x0000003a       0x3b /home/brittp/.pebble-sdk/SDKs/4.9.148/toolchain/arm-none-eabi/bin/../lib/gcc/arm-none-eabi/14.2.1/../../../../arm-none-eabi/lib/thumb/v7-m/nofp/libc.a(libc_a-lseekr.o)
 .comment       0x0000003a       0x3b /home/brittp/.pebble-sdk/SDKs/4.9.148/toolchain/arm-none-eabi/bin/../lib/gcc/arm-none-eabi/14.2.1/../../../../arm-none-eabi/lib/thumb/v7-m/nofp/libc.a(libc_a-readr.o)
 .comment       0x0000003a       0x3b /home/brittp/.pebble-sdk/SDKs/4.9.148/toolchain/arm-none-eabi/bin/../lib/gcc/arm-none-eabi/14.2.1/../../../../arm-none-eabi/lib/thumb/v7-m/nofp/libc.a(libc_a-writer.o)
 .comment       0x0000003a       0x3b /home/brittp/.pebble-sdk/SDKs/4.9.148/toolchain/arm-none-eabi/bin/../lib/gcc/arm-none-eabi/14.2.1/../../../../arm-none-eabi/lib/thumb/v7-m/nofp/libc.a(libc_a-init.o)
 .comment       0x0000003a       0x3b /home/brittp/.pebble-sdk/SDKs/4.9.148/toolchain/arm-none-eabi/bin/../lib/gcc/arm-none-eabi/14.2.1/../../../../arm-none-eabi/lib/thumb/v7-m/nofp/libc.a(libc_a-fini.o)
 .comment       0x0000003a       0x3b /home/brittp/.pebble-sdk/SDKs/4.9.148/toolchain/arm-none-eabi/bin/../lib/gcc/arm-none-eabi/14.2.1/../../../../arm-none-eabi/lib/thumb/v7-m/nofp/libc.a(libc_a-lock.o)
 .comment       0x0000003a       0x3b /home/brittp/.pebble-sdk/SDKs/4.9.148/toolchain/arm-none-eabi/bin/../lib/gcc/arm-none-eabi/14.2.1/../../../../arm-none-eabi/lib/thumb/v7-m/nofp/libc.a(libc_a-__atexit.o)
 .comment       0x0000003a       0x3b /home/brittp/.pebble-sdk/SDKs/4.9.148/toolchain/arm-none-eabi/bin/../lib/gcc/arm-none-eabi/14.2.1/../../../../arm-none-eabi/lib/thumb/v7-m/nofp/libc.a(libc_a-__call_atexit.o)
 .comment       0x0000003a       0x3b /home/brittp/.pebble-sdk/SDKs/4.9.148/toolchain/arm-none-eabi/bin/../lib/gcc/arm-none-eabi/14.2.1/../../../../arm-none-eabi/lib/thumb/v7-m/nofp/libc.a(libc_a-freer.o)
 .comment       0x0000003a       0x3b /home/brittp/.pebble-sdk/SDKs/4.9.148/toolchain/arm-none-eabi/bin/../lib/gcc/arm-none-eabi/14.2.1/../../../../arm-none-eabi/lib/thumb/v7-m/nofp/libc.a(libc_a-mallocr.o)
 .comment       0x0000003a       0x3b /home/brittp/.pebble-sdk/SDKs/4.9.148/toolchain/arm-none-eabi/bin/../lib/gcc/arm-none-eabi/14.2.1/../../../../arm-none-eabi/lib/thumb/v7-m/nofp/libc.a(libc_a-mlock.o)
 .comment       0x0000003a       0x3b /home/brittp/.pebble-sdk/SDKs/4.9.148/toolchain/arm-none-eabi/bin/../lib/gcc/arm-none-eabi/14.2.1/../../../../arm-none-eabi/lib/thumb/v7-m/nofp/libc.a(libc_a-fclose.o)
 .comment       0x0000003a       0x3b /home/brittp/.pebble-sdk/SDKs/4.9.148/toolchain/arm-none-eabi/bin/../lib/gcc/arm-none-eabi/14.2.1/../../../../arm-none-eabi/lib/thumb/v7-m/nofp/libc.a(libc_a-fflush.o)
 .comment       0x0000003a       0x3b /home/brittp/.pebble-sdk/SDKs/4.9.148/toolchain/arm-none-eabi/bin/../lib/gcc/arm-none-eabi/14.2.1/../../../../arm-none-eabi/lib/thumb/v7-m/nofp/libc.a(libc_a-sbrkr.o)
 .comment       0x0000003a       0x3b /home/brittp/.pebble-sdk/SDKs/4.9.148/toolchain/arm-none-eabi/bin/../lib/gcc/arm-none-eabi/14.2.1/../../../../arm-none-eabi/lib/thumb/v7-m/nofp/libc.a(libc_a-sysconf.o)
 .comment       0x0000003a       0x3b /home/brittp/.pebble-sdk/SDKs/4.9.148/toolchain/arm-none-eabi/bin/../lib/gcc/arm-none-eabi/14.2.1/../../../../arm-none-eabi/lib/thumb/v7-m/nofp/libc.a(libc_a-errno.o)
 .comment       0x0000003a       0x3b /home/brittp/.pebble-sdk/SDKs/4.9.148/toolchain/arm-none-eabi/bin/../lib/gcc/arm-none-eabi/14.2.1/thumb/v7-m/nofp/crtend.o

.debug_info     0x00000000     0x3f18
 .debug_info    0x00000000      0xad3 src/game_state.c.49.o
 .debug_info    0x00000ad3     0x1885 src/main.c.49.o
 .debug_info    0x00002358      0x531 src/math_utils.c.49.o
 .debug_info    0x00002889     0x12ec src/shop_menu.c.49.o
 .debug_info    0x00003b75      0x33e aplite/appinfo.auto.c.49.o
 .debug_info    0x00003eb3       0x65 aplite/src/resource_ids.auto.c.49.o

.debug_abbrev   0x00000000      0xd59
 .debug_abbrev  0x00000000      0x28c src/game_state.c.49.o
 .debug_abbrev  0x0000028c      0x46f src/main.c.49.o
 .debug_abbrev  0x000006fb      0x178 src/math_utils.c.49.o
 .debug_abbrev  0x00000873      0x407 src/shop_menu.c.49.o
 .debug_abbrev  0x00000c7a       0xb9 aplite/appinfo.auto.c.49.o
 .debug_abbrev  0x00000d33       0x26 aplite/src/resource_ids.auto.c.49.o

.debug_loclists
                0x00000000     0x10ce
 .debug_loclists
                0x00000000      0x446 src/game_state.c.49.o
 .debug_loclists
                0x00000446      0x627 src/main.c.49.o
 .debug_loclists
                0x00000a6d      0x1cc src/math_utils.c.49.o
 .debug_loclists
                0x00000c39      0x495 src/shop_menu.c.49.o

.debug_aranges  0x00000000      0x1c0
 .debug_aranges
                0x00000000       0x70 src/game_state.c.49.o
 .debug_aranges
                0x00000070       0x88 src/main.c.49.o
 .debug_aranges
                0x000000f8       0x38 src/math_utils.c.49.o
 .debug_aranges
                0x00000130       0x60 src/shop_menu.c.49.o
 .debug_aranges
                0x00000190       0x18 aplite/appinfo.auto.c.49.o
 .debug_aranges
                0x000001a8       0x18 aplite/src/resource_ids.auto.c.49.o

.debug_rnglists
                0x00000000      0x1c7
 .debug_rnglists
                0x00000000       0x7a src/game_state.c.49.o
 .debug_rnglists
                0x0000007a       0xa0 src/main.c.49.o
 .debug_rnglists
                0x0000011a       0x33 src/math_utils.c.49.o
 .debug_rnglists
                0x0000014d       0x7a src/shop_menu.c.49.o

.debug_line     0x00000000     0x1a48
 .debug_line    0x00000000      0x71d src/game_state.c.49.o
 .debug_line    0x0000071d      0x8c0 src/main.c.49.o
 .debug_line    0x00000fdd      0x270 src/math_utils.c.49.o
 .debug_line    0x0000124d      0x65a src/shop_menu.c.49.o
 .debug_line    0x000018a7      0x162 aplite/appinfo.auto.c.49.o
 .debug_line    0x00001a09       0x3f aplite/src/resource_ids.auto.c.49.o

.debug_str      0x00000000     0x1716
 .debug_str     0x00000000     0x1716 src/game_state.c.49.o
                                0x507 (size before relaxing)
 .debug_str     0x00001716      0xceb src/main.c.49.o
 .debug_str     0x00001716      0x2c5 src/math_utils.c.49.o
 .debug_str     0x00001716      0xbb0 src/shop_menu.c.49.o
 .debug_str     0x00001716      0x4c1 aplite/appinfo.auto.c.49.o
 .debug_str     0x00001716      0x155 aplite/src/resource_ids.auto.c.49.o

.debug_frame    0x00000000      0x570
 .debug_frame   0x00000000      0x164 src/game_state.c.49.o
 .debug_frame   0x00000164      0x1e0 src/main.c.49.o
 .debug_frame   0x00000344       0xbc src/math_utils.c.49.o
 .debug_frame   0x00000400      0x170 src/shop_menu.c.49.o
